0188:fixme:onlineid:ticket_request_factory_statics_CreateOnlineIdServiceTicketRequest iface 75FB8074, service L"https://events.data.microsoft.com/OneCollector/1.0/", policy L"NFS_1wk_compact_SSL", request 028BFBB4 semi-stub.
0188:fixme:onlineid:authenticator_put_ApplicationId iface 01E06650, value {2b379600-b42b-4fe9-a59c-a312fb934935} semi-stub.
0188:fixme:onlineid:authenticator_GetTicketAsync iface 01E06650, request 01E06670, operation 028BFBB0 semi-stub returning service connection error.
0188:fixme:onlineid:ticket_async_put_Completed iface 01E06690, handler 01E066B0 semi-stub.
009c:fixme:combase:RoGetActivationFactory (L"Windows.Security.Authentication.OnlineId.OnlineIdSystemAuthenticator", {85047792-f634-41e3-96a4-5164e902c740}, 0000000001A5F930): semi-stub
009c:fixme:combase:RoGetActivationFactory (L"Windows.Security.Authentication.OnlineId.OnlineIdServiceTicketRequest", {bebb0a08-9e73-4077-9614-08614c0bc245}, 0000000001A5F950): semi-stub
009c:fixme:onlineid:ticket_request_factory_statics_CreateOnlineIdServiceTicketRequest iface 00006FFFF81170F8, service L"https://events.data.microsoft.com/OneCollector/1.0/", policy L"NFS_1wk_compact_SSL", request 0000000001A5F958 semi-stub.
009c:fixme:onlineid:authenticator_put_ApplicationId iface 00000000015622D0, value {2b379600-b42b-4fe9-a59c-a312fb934935} semi-stub.
009c:fixme:onlineid:authenticator_GetTicketAsync iface 00000000015622D0, request 0000000001562300, operation 0000000001A5F970 semi-stub returning service connection error.
009c:fixme:onlineid:ticket_async_put_Completed iface 0000000001562330, handler 0000000001562360 semi-stub.
022c:fixme:combase:RoGetActivationFactory (L"Windows.Security.Authentication.OnlineId.OnlineIdSystemAuthenticator", {85047792-f634-41e3-96a4-5164e902c740}, 0000000001A5F930): semi-stub
022c:fixme:combase:RoGetActivationFactory (L"Windows.Security.Authentication.OnlineId.OnlineIdServiceTicketRequest", {bebb0a08-9e73-4077-9614-08614c0bc245}, 0000000001A5F950): semi-stub
022c:fixme:onlineid:ticket_request_factory_statics_CreateOnlineIdServiceTicketRequest iface 00006FFFF81170F8, service L"https://events.data.microsoft.com/OneCollector/1.0/", policy L"NFS_1wk_compact_SSL", request 0000000001A5F958 semi-stub.
022c:fixme:onlineid:authenticator_put_ApplicationId iface 0000000001369020, value {2b379600-b42b-4fe9-a59c-a312fb934935} semi-stub.
022c:fixme:onlineid:authenticator_GetTicketAsync iface 0000000001369020, request 0000000001369050, operation 0000000001A5F970 semi-stub returning service connection error.
022c:fixme:onlineid:ticket_async_put_Completed iface 0000000001369080, handler 00000000013690B0 semi-stub.
0398:fixme:combase:RoGetActivationFactory (L"Windows.Security.Authentication.OnlineId.OnlineIdSystemAuthenticator", {85047792-f634-41e3-96a4-5164e902c740}, 000000000AACF7C8): semi-stub
0398:fixme:combase:RoGetActivationFactory (L"Windows.Security.Authentication.OnlineId.OnlineIdServiceTicketRequest", {bebb0a08-9e73-4077-9614-08614c0bc245}, 000000000AACF7D0): semi-stub
0398:fixme:onlineid:ticket_request_factory_statics_CreateOnlineIdServiceTicketRequest iface 00006FFFF81170F8, service L"https://events.data.microsoft.com/OneCollector/1.0/", policy L"NFS_1wk_compact_SSL", request 000000000AACF7E8 semi-stub.
0398:fixme:onlineid:authenticator_put_ApplicationId iface 0000000006162290, value {2b379600-b42b-4fe9-a59c-a312fb934935} semi-stub.
0398:fixme:onlineid:authenticator_GetTicketAsync iface 0000000006162290, request 00000000061622C0, operation 000000000AACF7F8 semi-stub returning service connection error.
0398:fixme:onlineid:ticket_async_put_Completed iface 00000000061622F0, handler 0000000006162320 semi-stub.
03b4:fixme:wofutil:WofShouldCompressBinaries L"C:", 000000000A6F167C
03bc:err:ole:create_server class {5b99fa76-721c-423c-adac-56d03c8a8007} not registered
03bc:err:ole:com_get_class_object no class object {5b99fa76-721c-423c-adac-56d03c8a8007} could be created for context 0x4
03bc:err:ole:create_server class {5b99fa76-721c-423c-adac-56d03c8a8007} not registered
03bc:err:ole:com_get_class_object no class object {5b99fa76-721c-423c-adac-56d03c8a8007} could be created for context 0x4
03e8:err:ole:marshal_object Failed to create an IRpcStubBuffer from IPSFactory for {659cdeac-489e-11d9-a9cd-000d56965251} with error 0x80004002
03cc:fixme:qmgr:BackgroundCopyJob_AddFileWithRanges 00000000007FFF10, L"http://b.c2r.ts.cdn.office.net/pr/492350f6-3a01-4f97-b9c0-c7c6ddf67d60/Office/Data/16.0.20026.20112/stream.x86.x-none.dat", L"C:\\ProgramData\\Microsoft\\ClickToRun\\ProductReleases\\1972FB17-6450-4EAD-8A69-CA36D7589987\\stream.x86.x-noneCheckReachable5780D061-ED0B-4756-8A5C-836C5290FF6E", 1, 0000000000802F10: stub
03ec:fixme:qmgr:BackgroundCopyJob_SetPriority 00000000007FFF10, 0: stub
03e4:fixme:qmgr:BackgroundCopyJob_SetNoProgressTimeout 00000000007FFF10, 21600.: stub
03ec:fixme:qmgr:BackgroundCopyJob_SetMaximumDownloadTime 00000000007FFF10, 3600.
02d4:fixme:wintypes:RoIsApiContractMajorVersionPresent name L"Windows.Foundation.UniversalApiContract", major 15, result 000000000011B280
02d4:fixme:wintypes:RoIsApiContractMajorVersionPresent name L"Windows.Foundation.UniversalApiContract", major 14, result 000000000011B280
02d4:fixme:wintypes:RoIsApiContractMajorVersionPresent name L"Windows.Foundation.UniversalApiContract", major 13, result 000000000011B280
02d4:fixme:wintypes:RoIsApiContractMajorVersionPresent name L"Windows.Foundation.UniversalApiContract", major 12, result 000000000011B280
02d4:fixme:wintypes:RoIsApiContractMajorVersionPresent name L"Windows.Foundation.UniversalApiContract", major 11, result 000000000011B280
02d4:fixme:wintypes:RoIsApiContractMajorVersionPresent name L"Windows.Foundation.UniversalApiContract", major 10, result 000000000011B280
02d4:fixme:wintypes:RoIsApiContractMajorVersionPresent name L"Windows.Foundation.UniversalApiContract", major 9, result 000000000011B280
02d4:fixme:wintypes:RoIsApiContractMajorVersionPresent name L"Windows.Foundation.UniversalApiContract", major 8, result 000000000011B280
02d4:fixme:wintypes:RoIsApiContractMajorVersionPresent name L"Windows.Foundation.UniversalApiContract", major 7, result 000000000011B280
0320:fixme:d3d11:d3d11_device_context_DiscardView1 iface 0000000001546550, view 0000000001371FF0, rects 0000000005F1FAF8, num_rects 1 stub!
0320:fixme:dxgi:d3d11_swapchain_Present1 Ignored present parameters 0000000005F1FBF8.
03f8:err:ole:create_server class {5b99fa76-721c-423c-adac-56d03c8a8007} not registered
03f8:err:ole:com_get_class_object no class object {5b99fa76-721c-423c-adac-56d03c8a8007} could be created for context 0x4
03f8:err:ole:create_server class {5b99fa76-721c-423c-adac-56d03c8a8007} not registered
03f8:err:ole:com_get_class_object no class object {5b99fa76-721c-423c-adac-56d03c8a8007} could be created for context 0x4
03e8:err:ole:marshal_object Failed to create an IRpcStubBuffer from IPSFactory for {659cdeac-489e-11d9-a9cd-000d56965251} with error 0x80004002
03cc:fixme:qmgr:BackgroundCopyJob_AddFileWithRanges 00000000008050E0, L"http://b.c2r.ts.cdn.office.net/pr/492350f6-3a01-4f97-b9c0-c7c6ddf67d60/Office/Data/16.0.20026.20112/stream.x86.en-us.dat", L"C:\\ProgramData\\Microsoft\\ClickToRun\\ProductReleases\\1972FB17-6450-4EAD-8A69-CA36D7589987\\stream.x86.en-usCheckReachable7E8DA02B-6795-41D3-8DE7-F361BF069FB2", 1, 0000000000837E60: stub
03e4:fixme:qmgr:BackgroundCopyJob_SetPriority 00000000008050E0, 0: stub
03ec:fixme:qmgr:BackgroundCopyJob_SetNoProgressTimeout 00000000008050E0, 21600.: stub
03e4:fixme:qmgr:BackgroundCopyJob_SetMaximumDownloadTime 00000000008050E0, 3600.
03b4:fixme:rstrtmgr:RmStartSession 000000000316EB4C, 0, 000000000316ECD0 stub!
03b4:fixme:rstrtmgr:RmEndSession 3735928559 stub!
03b4:fixme:rstrtmgr:RmStartSession 000000000316EB4C, 0, 000000000316ECD0 stub!
03b4:fixme:rstrtmgr:RmEndSession 3735928559 stub!
0450:fixme:ntdll:RtlValidRelativeSecurityDescriptor 0000000002961100,396,0: semi-stub
0450:fixme:ntdll:RtlValidRelativeSecurityDescriptor 0000000002961100,396,0: semi-stub
0450:fixme:ntdll:RtlNewSecurityObjectWithMultipleInheritance semi-stub
0450:fixme:ntdll:RtlNewSecurityObjectEx 00000000007B5540, 0000000000000000, 000000000316E140, 0000000000000000, 1, 0x1078, 0000000000000000 00006FFFF4754028 - semi-stub
0450:fixme:ntdll:RtlDeleteSecurityObject 000000000316E140 stub.
0450:fixme:ntdll:RtlValidRelativeSecurityDescriptor 0000000004E81100,396,0: semi-stub
0450:fixme:ntdll:RtlValidRelativeSecurityDescriptor 0000000004E81100,396,0: semi-stub
0450:fixme:ntdll:RtlNewSecurityObjectWithMultipleInheritance semi-stub
0450:fixme:ntdll:RtlNewSecurityObjectEx 00000000007B5540, 0000000000000000, 000000000316E140, 0000000000000000, 1, 0x1078, 0000000000000000 00006FFFF4754028 - semi-stub
0450:fixme:ntdll:RtlDeleteSecurityObject 000000000316E140 stub.
0450:fixme:ntdll:RtlValidRelativeSecurityDescriptor 0000000004E81100,396,0: semi-stub
0450:fixme:ntdll:RtlValidRelativeSecurityDescriptor 0000000004E81100,396,0: semi-stub
0450:fixme:ntdll:RtlNewSecurityObjectWithMultipleInheritance semi-stub
0450:fixme:ntdll:RtlNewSecurityObjectEx 00000000007B5540, 0000000000000000, 000000000316E140, 0000000000000000, 1, 0x1078, 0000000000000000 00006FFFF4754028 - semi-stub
0450:fixme:ntdll:RtlDeleteSecurityObject 000000000316E140 stub.
0450:fixme:ntdll:RtlValidRelativeSecurityDescriptor 00000000007B8F00,396,0: semi-stub
0450:fixme:ntdll:RtlValidRelativeSecurityDescriptor 00000000007B8F00,396,0: semi-stub
0450:fixme:ntdll:RtlNewSecurityObjectWithMultipleInheritance semi-stub
0450:fixme:ntdll:RtlNewSecurityObjectEx 00000000007B5540, 0000000000000000, 000000000316E140, 0000000000000000, 1, 0x1078, 0000000000000000 00006FFFF4754028 - semi-stub
0450:fixme:ntdll:RtlDeleteSecurityObject 000000000316E140 stub.
0450:fixme:ntdll:RtlValidRelativeSecurityDescriptor 0000000004E81100,396,0: semi-stub
0450:fixme:ntdll:RtlValidRelativeSecurityDescriptor 0000000004E81100,396,0: semi-stub
0450:fixme:ntdll:RtlNewSecurityObjectWithMultipleInheritance semi-stub
0450:fixme:ntdll:RtlNewSecurityObjectEx 00000000007B5540, 0000000000000000, 000000000316E140, 0000000000000000, 1, 0x1078, 0000000000000000 00006FFFF4754028 - semi-stub
0450:fixme:ntdll:RtlDeleteSecurityObject 000000000316E140 stub.
0450:fixme:ntdll:RtlValidRelativeSecurityDescriptor 000000000C3A1100,396,0: semi-stub
0450:fixme:ntdll:RtlValidRelativeSecurityDescriptor 000000000C3A1100,396,0: semi-stub
0450:fixme:ntdll:RtlNewSecurityObjectWithMultipleInheritance semi-stub
0450:fixme:ntdll:RtlNewSecurityObjectEx 00000000007B5540, 0000000000000000, 000000000316E140, 0000000000000000, 1, 0x1078, 0000000000000000 00006FFFF4754028 - semi-stub
0450:fixme:ntdll:RtlDeleteSecurityObject 000000000316E140 stub.
0450:fixme:ntdll:RtlValidRelativeSecurityDescriptor 00000000007B8F00,396,0: semi-stub
0450:fixme:ntdll:RtlValidRelativeSecurityDescriptor 00000000007B8F00,396,0: semi-stub
0450:fixme:ntdll:RtlNewSecurityObjectWithMultipleInheritance semi-stub
0450:fixme:ntdll:RtlNewSecurityObjectEx 00000000007B5540, 0000000000000000, 000000000316E140, 0000000000000000, 1, 0x1078, 0000000000000000 00006FFFF4754028 - semi-stub
0450:fixme:ntdll:RtlDeleteSecurityObject 000000000316E140 stub.
0450:fixme:ntdll:RtlValidRelativeSecurityDescriptor 00000000007B8F00,396,0: semi-stub
0450:fixme:ntdll:RtlValidRelativeSecurityDescriptor 00000000007B8F00,396,0: semi-stub
0450:fixme:ntdll:RtlNewSecurityObjectWithMultipleInheritance semi-stub
0450:fixme:ntdll:RtlNewSecurityObjectEx 00000000007B5540, 0000000000000000, 000000000316E140, 0000000000000000, 1, 0x1078, 0000000000000000 00006FFFF4754028 - semi-stub
0450:fixme:ntdll:RtlDeleteSecurityObject 000000000316E140 stub.
0450:fixme:ntdll:RtlValidRelativeSecurityDescriptor 000000000C3A1100,396,0: semi-stub
0450:fixme:ntdll:RtlValidRelativeSecurityDescriptor 000000000C3A1100,396,0: semi-stub
0450:fixme:ntdll:RtlNewSecurityObjectWithMultipleInheritance semi-stub
0450:fixme:ntdll:RtlNewSecurityObjectEx 00000000007B5540, 0000000000000000, 000000000316E140, 0000000000000000, 1, 0x1078, 0000000000000000 00006FFFF4754028 - semi-stub
0450:fixme:ntdll:RtlDeleteSecurityObject 000000000316E140 stub.
0450:fixme:ntdll:RtlValidRelativeSecurityDescriptor 000000000C3A1100,396,0: semi-stub
0450:fixme:ntdll:RtlValidRelativeSecurityDescriptor 000000000C3A1100,396,0: semi-stub
0450:fixme:ntdll:RtlNewSecurityObjectWithMultipleInheritance semi-stub
0450:fixme:ntdll:RtlNewSecurityObjectEx 00000000007B5540, 0000000000000000, 000000000316E140, 0000000000000000, 1, 0x1078, 0000000000000000 00006FFFF4754028 - semi-stub
0450:fixme:ntdll:RtlDeleteSecurityObject 000000000316E140 stub.
0458:fixme:wldp:WldpGetLockdownPolicy 0000000000000000 00000000039AEFF0 0
0458:fixme:wldp:WldpQueryWindowsLockdownMode 00000000039AEFD4
0460:fixme:ntdll:NtQuerySystemInformation info_class SYSTEM_PERFORMANCE_INFORMATION

Unhandled Exception:
System.IO.FileNotFoundException: Could not load file or assembly 'Windows, Version=255.255.255.255, Culture=neutral, PublicKeyToken=null' or one of its dependencies.
File name: 'Windows, Version=255.255.255.255, Culture=neutral, PublicKeyToken=null'
  at Microsoft.Office.C2R.InspectorOfficeGadget.Main (System.String[] args) [0x00133] in <d51ecde860654e1f9cc6dbf56af8ae90>:0 
[ERROR] FATAL UNHANDLED EXCEPTION: System.IO.FileNotFoundException: Could not load file or assembly 'Windows, Version=255.255.255.255, Culture=neutral, PublicKeyToken=null' or one of its dependencies.
File name: 'Windows, Version=255.255.255.255, Culture=neutral, PublicKeyToken=null'
02d4:fixme:wintypes:RoIsApiContractMajorVersionPresent name L"Windows.Foundation.UniversalApiContract", major 15, result 000000000011B280
02d4:fixme:wintypes:RoIsApiContractMajorVersionPresent name L"Windows.Foundation.UniversalApiContract", major 14, result 000000000011B280
02d4:fixme:wintypes:RoIsApiContractMajorVersionPresent name L"Windows.Foundation.UniversalApiContract", major 13, result 000000000011B280
02d4:fixme:wintypes:RoIsApiContractMajorVersionPresent name L"Windows.Foundation.UniversalApiContract", major 12, result 000000000011B280
02d4:fixme:wintypes:RoIsApiContractMajorVersionPresent name L"Windows.Foundation.UniversalApiContract", major 11, result 000000000011B280
02d4:fixme:wintypes:RoIsApiContractMajorVersionPresent name L"Windows.Foundation.UniversalApiContract", major 10, result 000000000011B280
02d4:fixme:wintypes:RoIsApiContractMajorVersionPresent name L"Windows.Foundation.UniversalApiContract", major 9, result 000000000011B280
02d4:fixme:wintypes:RoIsApiContractMajorVersionPresent name L"Windows.Foundation.UniversalApiContract", major 8, result 000000000011B280
02d4:fixme:wintypes:RoIsApiContractMajorVersionPresent name L"Windows.Foundation.UniversalApiContract", major 7, result 000000000011B280
0320:fixme:d3d11:d3d11_device_context_DiscardView1 iface 0000000001546550, view 0000000001371FF0, rects 0000000005F1FAF8, num_rects 1 stub!
0320:fixme:dxgi:d3d11_swapchain_Present1 Ignored present parameters 0000000005F1FBF8.
0478:fixme:ntdll:NtQuerySystemInformation info_class SYSTEM_PERFORMANCE_INFORMATION

Unhandled Exception:
System.IO.FileNotFoundException: Could not load file or assembly 'Windows, Version=255.255.255.255, Culture=neutral, PublicKeyToken=null' or one of its dependencies.
File name: 'Windows, Version=255.255.255.255, Culture=neutral, PublicKeyToken=null'
  at Microsoft.Office.C2R.InspectorOfficeGadget.Main (System.String[] args) [0x00133] in <d51ecde860654e1f9cc6dbf56af8ae90>:0 
[ERROR] FATAL UNHANDLED EXCEPTION: System.IO.FileNotFoundException: Could not load file or assembly 'Windows, Version=255.255.255.255, Culture=neutral, PublicKeyToken=null' or one of its dependencies.
File name: 'Windows, Version=255.255.255.255, Culture=neutral, PublicKeyToken=null'
0490:fixme:ntdll:NtQuerySystemInformation info_class SYSTEM_PERFORMANCE_INFORMATION

Unhandled Exception:
System.IO.FileNotFoundException: Could not load file or assembly 'Windows, Version=255.255.255.255, Culture=neutral, PublicKeyToken=null' or one of its dependencies.
File name: 'Windows, Version=255.255.255.255, Culture=neutral, PublicKeyToken=null'
  at Microsoft.Office.C2R.InspectorOfficeGadget.Main (System.String[] args) [0x00133] in <d51ecde860654e1f9cc6dbf56af8ae90>:0 
[ERROR] FATAL UNHANDLED EXCEPTION: System.IO.FileNotFoundException: Could not load file or assembly 'Windows, Version=255.255.255.255, Culture=neutral, PublicKeyToken=null' or one of its dependencies.
File name: 'Windows, Version=255.255.255.255, Culture=neutral, PublicKeyToken=null'
0458:fixme:exec:SHELL_execute flags ignored: 0x00000100
04a8:fixme:powershell:wmain stub.
04a8:fixme:powershell:wmain argv[0] L"C:\\windows\\system32\\WindowsPowershell\\v1.0\\powershell.exe"
04a8:fixme:powershell:wmain argv[1] L"-NoProfile"
04a8:fixme:powershell:wmain argv[2] L"$App = Get-AppxProvisionedPackage -ONLINE | Where {$_.DisplayName -eq \"Microsoft.Office.Desktop\"};if ($App -ne $null) {Remove-ProvisionedAppxPackage -online -allUsers -PackageName $App.PackageName}; if ($error.Count -eq 0) { Out-File -FilePath 'C:\\users\\steamuser\\AppData\\Local\\Temp"...
0458:fixme:exec:SHELL_execute flags ignored: 0x00000100
04b8:fixme:powershell:wmain stub.
04b8:fixme:powershell:wmain argv[0] L"C:\\windows\\system32\\WindowsPowershell\\v1.0\\powershell.exe"
04b8:fixme:powershell:wmain argv[1] L"-NoProfile"
04b8:fixme:powershell:wmain argv[2] L"Get-AppXPackage Microsoft.Office.Desktop -allUsers | Remove-AppXPackage -allUsers"
0458:fixme:exec:SHELL_execute flags ignored: 0x00000100
04c8:fixme:powershell:wmain stub.
04c8:fixme:powershell:wmain argv[0] L"C:\\windows\\system32\\WindowsPowershell\\v1.0\\powershell.exe"
04c8:fixme:powershell:wmain argv[1] L"-NoProfile"
04c8:fixme:powershell:wmain argv[2] L"Get-AppXPackage Microsoft.Office.Desktop -PackageTypeFilter bundle -allUsers | Remove-AppXPackage -allUsers"
04d8:fixme:ntdll:NtQuerySystemInformation info_class SYSTEM_PERFORMANCE_INFORMATION

Unhandled Exception:
System.IO.FileNotFoundException: Could not load file or assembly 'Windows, Version=255.255.255.255, Culture=neutral, PublicKeyToken=null' or one of its dependencies.
File name: 'Windows, Version=255.255.255.255, Culture=neutral, PublicKeyToken=null'
  at Microsoft.Office.C2R.InspectorOfficeGadget.Main (System.String[] args) [0x00133] in <d51ecde860654e1f9cc6dbf56af8ae90>:0 
[ERROR] FATAL UNHANDLED EXCEPTION: System.IO.FileNotFoundException: Could not load file or assembly 'Windows, Version=255.255.255.255, Culture=neutral, PublicKeyToken=null' or one of its dependencies.
File name: 'Windows, Version=255.255.255.255, Culture=neutral, PublicKeyToken=null'
04f0:fixme:ntdll:NtQuerySystemInformation info_class SYSTEM_PERFORMANCE_INFORMATION

Unhandled Exception:
System.IO.FileNotFoundException: Could not load file or assembly 'Windows, Version=255.255.255.255, Culture=neutral, PublicKeyToken=null' or one of its dependencies.
File name: 'Windows, Version=255.255.255.255, Culture=neutral, PublicKeyToken=null'
  at Microsoft.Office.C2R.InspectorOfficeGadget.Main (System.String[] args) [0x00133] in <d51ecde860654e1f9cc6dbf56af8ae90>:0 
[ERROR] FATAL UNHANDLED EXCEPTION: System.IO.FileNotFoundException: Could not load file or assembly 'Windows, Version=255.255.255.255, Culture=neutral, PublicKeyToken=null' or one of its dependencies.
File name: 'Windows, Version=255.255.255.255, Culture=neutral, PublicKeyToken=null'
0508:fixme:ntdll:NtQuerySystemInformation info_class SYSTEM_PERFORMANCE_INFORMATION

Unhandled Exception:
System.IO.FileNotFoundException: Could not load file or assembly 'Windows, Version=255.255.255.255, Culture=neutral, PublicKeyToken=null' or one of its dependencies.
File name: 'Windows, Version=255.255.255.255, Culture=neutral, PublicKeyToken=null'
  at Microsoft.Office.C2R.InspectorOfficeGadget.Main (System.String[] args) [0x00133] in <d51ecde860654e1f9cc6dbf56af8ae90>:0 
[ERROR] FATAL UNHANDLED EXCEPTION: System.IO.FileNotFoundException: Could not load file or assembly 'Windows, Version=255.255.255.255, Culture=neutral, PublicKeyToken=null' or one of its dependencies.
File name: 'Windows, Version=255.255.255.255, Culture=neutral, PublicKeyToken=null'
0458:fixme:exec:SHELL_execute flags ignored: 0x00000100
0520:fixme:powershell:wmain stub.
0520:fixme:powershell:wmain argv[0] L"C:\\windows\\system32\\WindowsPowershell\\v1.0\\powershell.exe"
0520:fixme:powershell:wmain argv[1] L"-NoProfile"
0520:fixme:powershell:wmain argv[2] L"$App = Get-AppxProvisionedPackage -ONLINE | Where {$_.DisplayName -eq \"Microsoft.Office.Desktop\"};if ($App -ne $null) {Remove-ProvisionedAppxPackage -online -allUsers -PackageName $App.PackageName}; if ($error.Count -eq 0) { Out-File -FilePath 'C:\\users\\steamuser\\AppData\\Local\\Temp"...
0458:fixme:exec:SHELL_execute flags ignored: 0x00000100
0530:fixme:powershell:wmain stub.
0530:fixme:powershell:wmain argv[0] L"C:\\windows\\system32\\WindowsPowershell\\v1.0\\powershell.exe"
0530:fixme:powershell:wmain argv[1] L"-NoProfile"
0530:fixme:powershell:wmain argv[2] L"Get-AppXPackage Microsoft.Office.Desktop -allUsers | Remove-AppXPackage -allUsers"
0458:fixme:exec:SHELL_execute flags ignored: 0x00000100
0540:fixme:powershell:wmain stub.
0540:fixme:powershell:wmain argv[0] L"C:\\windows\\system32\\WindowsPowershell\\v1.0\\powershell.exe"
0540:fixme:powershell:wmain argv[1] L"-NoProfile"
0540:fixme:powershell:wmain argv[2] L"Get-AppXPackage Microsoft.Office.Desktop -PackageTypeFilter bundle -allUsers | Remove-AppXPackage -allUsers"
0550:fixme:ntdll:NtQuerySystemInformation info_class SYSTEM_PERFORMANCE_INFORMATION

Unhandled Exception:
System.IO.FileNotFoundException: Could not load file or assembly 'Windows, Version=255.255.255.255, Culture=neutral, PublicKeyToken=null' or one of its dependencies.
File name: 'Windows, Version=255.255.255.255, Culture=neutral, PublicKeyToken=null'
  at Microsoft.Office.C2R.InspectorOfficeGadget.Main (System.String[] args) [0x00133] in <d51ecde860654e1f9cc6dbf56af8ae90>:0 
[ERROR] FATAL UNHANDLED EXCEPTION: System.IO.FileNotFoundException: Could not load file or assembly 'Windows, Version=255.255.255.255, Culture=neutral, PublicKeyToken=null' or one of its dependencies.
File name: 'Windows, Version=255.255.255.255, Culture=neutral, PublicKeyToken=null'
0568:fixme:ntdll:NtQuerySystemInformation info_class SYSTEM_PERFORMANCE_INFORMATION

Unhandled Exception:
System.IO.FileNotFoundException: Could not load file or assembly 'Windows, Version=255.255.255.255, Culture=neutral, PublicKeyToken=null' or one of its dependencies.
File name: 'Windows, Version=255.255.255.255, Culture=neutral, PublicKeyToken=null'
  at Microsoft.Office.C2R.InspectorOfficeGadget.Main (System.String[] args) [0x00133] in <d51ecde860654e1f9cc6dbf56af8ae90>:0 
[ERROR] FATAL UNHANDLED EXCEPTION: System.IO.FileNotFoundException: Could not load file or assembly 'Windows, Version=255.255.255.255, Culture=neutral, PublicKeyToken=null' or one of its dependencies.
File name: 'Windows, Version=255.255.255.255, Culture=neutral, PublicKeyToken=null'
0580:fixme:ntdll:NtQuerySystemInformation info_class SYSTEM_PERFORMANCE_INFORMATION

Unhandled Exception:
System.IO.FileNotFoundException: Could not load file or assembly 'Windows, Version=255.255.255.255, Culture=neutral, PublicKeyToken=null' or one of its dependencies.
File name: 'Windows, Version=255.255.255.255, Culture=neutral, PublicKeyToken=null'
  at Microsoft.Office.C2R.InspectorOfficeGadget.Main (System.String[] args) [0x00133] in <d51ecde860654e1f9cc6dbf56af8ae90>:0 
[ERROR] FATAL UNHANDLED EXCEPTION: System.IO.FileNotFoundException: Could not load file or assembly 'Windows, Version=255.255.255.255, Culture=neutral, PublicKeyToken=null' or one of its dependencies.
File name: 'Windows, Version=255.255.255.255, Culture=neutral, PublicKeyToken=null'
0458:fixme:exec:SHELL_execute flags ignored: 0x00000100
0598:fixme:powershell:wmain stub.
0598:fixme:powershell:wmain argv[0] L"C:\\windows\\system32\\WindowsPowershell\\v1.0\\powershell.exe"
0598:fixme:powershell:wmain argv[1] L"-NoProfile"
0598:fixme:powershell:wmain argv[2] L"$App = Get-AppxProvisionedPackage -ONLINE | Where {$_.DisplayName -eq \"Microsoft.Office.Desktop\"};if ($App -ne $null) {Remove-ProvisionedAppxPackage -online -allUsers -PackageName $App.PackageName}; if ($error.Count -eq 0) { Out-File -FilePath 'C:\\users\\steamuser\\AppData\\Local\\Temp"...
0458:fixme:exec:SHELL_execute flags ignored: 0x00000100
05a8:fixme:powershell:wmain stub.
05a8:fixme:powershell:wmain argv[0] L"C:\\windows\\system32\\WindowsPowershell\\v1.0\\powershell.exe"
05a8:fixme:powershell:wmain argv[1] L"-NoProfile"
05a8:fixme:powershell:wmain argv[2] L"Get-AppXPackage Microsoft.Office.Desktop -allUsers | Remove-AppXPackage -allUsers"
0458:fixme:exec:SHELL_execute flags ignored: 0x00000100
05b8:fixme:powershell:wmain stub.
05b8:fixme:powershell:wmain argv[0] L"C:\\windows\\system32\\WindowsPowershell\\v1.0\\powershell.exe"
05b8:fixme:powershell:wmain argv[1] L"-NoProfile"
05b8:fixme:powershell:wmain argv[2] L"Get-AppXPackage Microsoft.Office.Desktop -PackageTypeFilter bundle -allUsers | Remove-AppXPackage -allUsers"
05cc:fixme:combase:RoGetActivationFactory (L"Windows.Security.Isolation.IsolatedWindowsEnvironmentHost", {2c0e22c7-05a0-517a-b81c-6ee8790c381f}, 000000000305E940): semi-stub
05cc:fixme:hvsi:isolated_host_statics_get_HostErrors iface 00006FFFF4733048, value 000000000305E9A0 stub!
05cc:fixme:combase:RoOriginateLanguageException 0x80004001, L"", 0000000000000000: stub
05d4:fixme:ntdll:EtwEventSetInformation (deadbeef, 0, 00000000, 0) stub
05d4:fixme:ntdll:EtwEventSetInformation (deadbeef, 2, 007986E9, 56) stub
05d4:fixme:sync:SetWaitableTimerEx (00000090, 00B1F828, 0, 00000000, 00000000, 00000000, 1320) semi-stub
05d4:err:kerberos:kerberos_LsaApInitializePackage no Kerberos support, expect problems
05d4:fixme:secur32:GetUserNameExW NameFormat 12 not implemented
05d4:fixme:urlmon:SecManagerImpl_ProcessUrlAction Unsupported arguments
05d4:fixme:urlmon:SecManagerImpl_ProcessUrlAction Unsupported arguments
02d4:fixme:wintypes:RoIsApiContractMajorVersionPresent name L"Windows.Foundation.UniversalApiContract", major 15, result 000000000011B280
02d4:fixme:wintypes:RoIsApiContractMajorVersionPresent name L"Windows.Foundation.UniversalApiContract", major 14, result 000000000011B280
02d4:fixme:wintypes:RoIsApiContractMajorVersionPresent name L"Windows.Foundation.UniversalApiContract", major 13, result 000000000011B280
02d4:fixme:wintypes:RoIsApiContractMajorVersionPresent name L"Windows.Foundation.UniversalApiContract", major 12, result 000000000011B280
02d4:fixme:wintypes:RoIsApiContractMajorVersionPresent name L"Windows.Foundation.UniversalApiContract", major 11, result 000000000011B280
02d4:fixme:wintypes:RoIsApiContractMajorVersionPresent name L"Windows.Foundation.UniversalApiContract", major 10, result 000000000011B280
02d4:fixme:wintypes:RoIsApiContractMajorVersionPresent name L"Windows.Foundation.UniversalApiContract", major 9, result 000000000011B280
02d4:fixme:wintypes:RoIsApiContractMajorVersionPresent name L"Windows.Foundation.UniversalApiContract", major 8, result 000000000011B280
02d4:fixme:wintypes:RoIsApiContractMajorVersionPresent name L"Windows.Foundation.UniversalApiContract", major 7, result 000000000011B280
05d4:fixme:urlmon:SecManagerImpl_ProcessUrlAction Unsupported arguments
0320:fixme:d3d11:d3d11_device_context_DiscardView1 iface 0000000001546550, view 0000000001371FF0, rects 0000000005F1FAF8, num_rects 1 stub!
05d4:fixme:urlmon:SecManagerImpl_ProcessUrlAction Unsupported arguments
0320:fixme:dxgi:d3d11_swapchain_Present1 Ignored present parameters 0000000005F1FBF8.
05d4:fixme:urlmon:SecManagerImpl_ProcessUrlAction Unsupported arguments
05d4:fixme:urlmon:SecManagerImpl_ProcessUrlAction Unsupported arguments
05d4:fixme:urlmon:SecManagerImpl_ProcessUrlAction Unsupported arguments
05d4:fixme:urlmon:SecManagerImpl_ProcessUrlAction Unsupported arguments
05d4:fixme:urlmon:SecManagerImpl_ProcessUrlAction Unsupported arguments
05d4:fixme:urlmon:SecManagerImpl_ProcessUrlAction Unsupported arguments
05d4:fixme:urlmon:SecManagerImpl_ProcessUrlAction Unsupported arguments
05d4:fixme:urlmon:SecManagerImpl_ProcessUrlAction Unsupported arguments
05d4:fixme:urlmon:SecManagerImpl_ProcessUrlAction Unsupported arguments
05d4:fixme:urlmon:SecManagerImpl_ProcessUrlAction Unsupported arguments
05d4:fixme:urlmon:SecManagerImpl_ProcessUrlAction Unsupported arguments
05d4:fixme:urlmon:SecManagerImpl_ProcessUrlAction Unsupported arguments
05d4:fixme:urlmon:SecManagerImpl_ProcessUrlAction Unsupported arguments
05d4:fixme:urlmon:SecManagerImpl_ProcessUrlAction Unsupported arguments
05d4:fixme:urlmon:SecManagerImpl_ProcessUrlAction Unsupported arguments
05d4:fixme:urlmon:SecManagerImpl_ProcessUrlAction Unsupported arguments
05ec:fixme:combase:RoGetActivationFactory (L"Windows.Networking.Connectivity.NetworkInformation", {5074f851-950d-4165-9c15-365619481eea}, 034D104C): semi-stub
05ec:fixme:netprofm:cost_manager_GetCost 0353D6A4, 02AFFE68, 00000000
05ec:fixme:netprofm:connection_point_Advise 0353D708, 034D1040, 034D10D8 - semi-stub
05ec:fixme:netprofm:connection_point_Advise 0353D72C, 034D1040, 034D10D4 - semi-stub
05ec:fixme:netprofm:connection_point_Advise 0353D6C0, 034D1040, 034D10DC - semi-stub
05e8:fixme:file:NtLockFile I/O completion on lock not implemented yet
05e8:fixme:combase:RoGetActivationFactory (L"Windows.Security.Authentication.OnlineId.OnlineIdSystemAuthenticator", {85047792-f634-41e3-96a4-5164e902c740}, 027FFD54): semi-stub
05e8:fixme:combase:RoGetActivationFactory (L"Windows.Security.Authentication.OnlineId.OnlineIdServiceTicketRequest", {bebb0a08-9e73-4077-9614-08614c0bc245}, 027FFD50): semi-stub
05e8:fixme:onlineid:ticket_request_factory_statics_CreateOnlineIdServiceTicketRequest iface 75FB8074, service L"https://events.data.microsoft.com/OneCollector/1.0/", policy L"NFS_1wk_compact_SSL", request 027FFD44 semi-stub.
05e8:fixme:onlineid:authenticator_put_ApplicationId iface 0351CE70, value {2b379600-b42b-4fe9-a59c-a312fb934935} semi-stub.
05e8:fixme:onlineid:authenticator_GetTicketAsync iface 0351CE70, request 0351CEB0, operation 027FFD40 semi-stub returning service connection error.
05e8:fixme:onlineid:ticket_async_put_Completed iface 0351CED0, handler 03517780 semi-stub.
05d4:fixme:reg:NtQueryLicenseValue License key L"Microsoft-Windows-Container-License-Mode" not found
0298:err:ole:StdMarshalImpl_MarshalInterface Failed to create ifstub, hr 0x80004002
0298:err:ole:CoMarshalInterface Failed to marshal the interface {79eac9e4-baf9-11ce-8c82-00aa004ba90b}, hr 0x80004002
05cc:fixme:ole:NdrClearOutParameters (000000000305B290,00006FFFFDFFD042,000000000305BB18): stub
05cc:fixme:ole:CoCreateInstanceEx no instance created for interface {79eac9e4-baf9-11ce-8c82-00aa004ba90b} of class {807583e5-5146-11d5-a672-00b0d022e945}, hr 0x80004002.
0298:err:ole:StdMarshalImpl_MarshalInterface Failed to create ifstub, hr 0x80004002
0298:err:ole:CoMarshalInterface Failed to marshal the interface {79eac9e4-baf9-11ce-8c82-00aa004ba90b}, hr 0x80004002
05cc:fixme:ole:NdrClearOutParameters (000000000305B290,00006FFFFDFFD042,000000000305BB18): stub
05cc:fixme:ole:CoCreateInstanceEx no instance created for interface {79eac9e4-baf9-11ce-8c82-00aa004ba90b} of class {807583e5-5146-11d5-a672-00b0d022e945}, hr 0x80004002.
0298:err:ole:StdMarshalImpl_MarshalInterface Failed to create ifstub, hr 0x80004002
0298:err:ole:CoMarshalInterface Failed to marshal the interface {79eac9e4-baf9-11ce-8c82-00aa004ba90b}, hr 0x80004002
05cc:fixme:ole:NdrClearOutParameters (000000000305BF70,00006FFFFDFFD042,000000000305C7F8): stub
05cc:fixme:ole:CoCreateInstanceEx no instance created for interface {79eac9e4-baf9-11ce-8c82-00aa004ba90b} of class {807583e5-5146-11d5-a672-00b0d022e945}, hr 0x80004002.
0298:err:ole:StdMarshalImpl_MarshalInterface Failed to create ifstub, hr 0x80004002
0298:err:ole:CoMarshalInterface Failed to marshal the interface {79eac9e4-baf9-11ce-8c82-00aa004ba90b}, hr 0x80004002
05cc:fixme:ole:NdrClearOutParameters (000000000305BF70,00006FFFFDFFD042,000000000305C7F8): stub
05cc:fixme:ole:CoCreateInstanceEx no instance created for interface {79eac9e4-baf9-11ce-8c82-00aa004ba90b} of class {807583e5-5146-11d5-a672-00b0d022e945}, hr 0x80004002.
0298:err:ole:StdMarshalImpl_MarshalInterface Failed to create ifstub, hr 0x80004002
0298:err:ole:CoMarshalInterface Failed to marshal the interface {79eac9e4-baf9-11ce-8c82-00aa004ba90b}, hr 0x80004002
05cc:fixme:ole:NdrClearOutParameters (000000000305C130,00006FFFFDFFD042,000000000305C9B8): stub
05cc:fixme:ole:CoCreateInstanceEx no instance created for interface {79eac9e4-baf9-11ce-8c82-00aa004ba90b} of class {807583e5-5146-11d5-a672-00b0d022e945}, hr 0x80004002.
0298:err:ole:StdMarshalImpl_MarshalInterface Failed to create ifstub, hr 0x80004002
0298:err:ole:CoMarshalInterface Failed to marshal the interface {79eac9e4-baf9-11ce-8c82-00aa004ba90b}, hr 0x80004002
05cc:fixme:ole:NdrClearOutParameters (000000000305C130,00006FFFFDFFD042,000000000305C9B8): stub
05cc:fixme:ole:CoCreateInstanceEx no instance created for interface {79eac9e4-baf9-11ce-8c82-00aa004ba90b} of class {807583e5-5146-11d5-a672-00b0d022e945}, hr 0x80004002.
0298:err:ole:StdMarshalImpl_MarshalInterface Failed to create ifstub, hr 0x80004002
0298:err:ole:CoMarshalInterface Failed to marshal the interface {79eac9e4-baf9-11ce-8c82-00aa004ba90b}, hr 0x80004002
05cc:fixme:ole:NdrClearOutParameters (000000000305C130,00006FFFFDFFD042,000000000305C9B8): stub
05cc:fixme:ole:CoCreateInstanceEx no instance created for interface {79eac9e4-baf9-11ce-8c82-00aa004ba90b} of class {807583e5-5146-11d5-a672-00b0d022e945}, hr 0x80004002.
0298:err:ole:StdMarshalImpl_MarshalInterface Failed to create ifstub, hr 0x80004002
0298:err:ole:CoMarshalInterface Failed to marshal the interface {79eac9e4-baf9-11ce-8c82-00aa004ba90b}, hr 0x80004002
05cc:fixme:ole:NdrClearOutParameters (000000000305C130,00006FFFFDFFD042,000000000305C9B8): stub
05cc:fixme:ole:CoCreateInstanceEx no instance created for interface {79eac9e4-baf9-11ce-8c82-00aa004ba90b} of class {807583e5-5146-11d5-a672-00b0d022e945}, hr 0x80004002.
0298:err:ole:StdMarshalImpl_MarshalInterface Failed to create ifstub, hr 0x80004002
0298:err:ole:CoMarshalInterface Failed to marshal the interface {79eac9e4-baf9-11ce-8c82-00aa004ba90b}, hr 0x80004002
05cc:fixme:ole:NdrClearOutParameters (000000000305C130,00006FFFFDFFD042,000000000305C9B8): stub
05cc:fixme:ole:CoCreateInstanceEx no instance created for interface {79eac9e4-baf9-11ce-8c82-00aa004ba90b} of class {807583e5-5146-11d5-a672-00b0d022e945}, hr 0x80004002.
0298:err:ole:StdMarshalImpl_MarshalInterface Failed to create ifstub, hr 0x80004002
0298:err:ole:CoMarshalInterface Failed to marshal the interface {79eac9e4-baf9-11ce-8c82-00aa004ba90b}, hr 0x80004002
05cc:fixme:ole:NdrClearOutParameters (000000000305C130,00006FFFFDFFD042,000000000305C9B8): stub
05cc:fixme:ole:CoCreateInstanceEx no instance created for interface {79eac9e4-baf9-11ce-8c82-00aa004ba90b} of class {807583e5-5146-11d5-a672-00b0d022e945}, hr 0x80004002.
0298:err:ole:StdMarshalImpl_MarshalInterface Failed to create ifstub, hr 0x80004002
0298:err:ole:CoMarshalInterface Failed to marshal the interface {79eac9e4-baf9-11ce-8c82-00aa004ba90b}, hr 0x80004002
05cc:fixme:ole:NdrClearOutParameters (000000000305C130,00006FFFFDFFD042,000000000305C9B8): stub
05cc:fixme:ole:CoCreateInstanceEx no instance created for interface {79eac9e4-baf9-11ce-8c82-00aa004ba90b} of class {807583e5-5146-11d5-a672-00b0d022e945}, hr 0x80004002.
0298:err:ole:StdMarshalImpl_MarshalInterface Failed to create ifstub, hr 0x80004002
0298:err:ole:CoMarshalInterface Failed to marshal the interface {79eac9e4-baf9-11ce-8c82-00aa004ba90b}, hr 0x80004002
05cc:fixme:ole:NdrClearOutParameters (000000000305C130,00006FFFFDFFD042,000000000305C9B8): stub
05cc:fixme:ole:CoCreateInstanceEx no instance created for interface {79eac9e4-baf9-11ce-8c82-00aa004ba90b} of class {807583e5-5146-11d5-a672-00b0d022e945}, hr 0x80004002.
0298:err:ole:StdMarshalImpl_MarshalInterface Failed to create ifstub, hr 0x80004002
0298:err:ole:CoMarshalInterface Failed to marshal the interface {79eac9e4-baf9-11ce-8c82-00aa004ba90b}, hr 0x80004002
05cc:fixme:ole:NdrClearOutParameters (000000000305C130,00006FFFFDFFD042,000000000305C9B8): stub
05cc:fixme:ole:CoCreateInstanceEx no instance created for interface {79eac9e4-baf9-11ce-8c82-00aa004ba90b} of class {807583e5-5146-11d5-a672-00b0d022e945}, hr 0x80004002.
0298:err:ole:StdMarshalImpl_MarshalInterface Failed to create ifstub, hr 0x80004002
0298:err:ole:CoMarshalInterface Failed to marshal the interface {79eac9e4-baf9-11ce-8c82-00aa004ba90b}, hr 0x80004002
05cc:fixme:ole:NdrClearOutParameters (000000000305C130,00006FFFFDFFD042,000000000305C9B8): stub
05cc:fixme:ole:CoCreateInstanceEx no instance created for interface {79eac9e4-baf9-11ce-8c82-00aa004ba90b} of class {807583e5-5146-11d5-a672-00b0d022e945}, hr 0x80004002.
0298:err:ole:StdMarshalImpl_MarshalInterface Failed to create ifstub, hr 0x80004002
0298:err:ole:CoMarshalInterface Failed to marshal the interface {79eac9e4-baf9-11ce-8c82-00aa004ba90b}, hr 0x80004002
05cc:fixme:ole:NdrClearOutParameters (000000000305BAD0,00006FFFFDFFD042,000000000305C358): stub
05cc:fixme:ole:CoCreateInstanceEx no instance created for interface {79eac9e4-baf9-11ce-8c82-00aa004ba90b} of class {807583e5-5146-11d5-a672-00b0d022e945}, hr 0x80004002.
0298:err:ole:StdMarshalImpl_MarshalInterface Failed to create ifstub, hr 0x80004002
0298:err:ole:CoMarshalInterface Failed to marshal the interface {79eac9e4-baf9-11ce-8c82-00aa004ba90b}, hr 0x80004002
05cc:fixme:ole:NdrClearOutParameters (000000000305BB40,00006FFFFDFFD042,000000000305C3C8): stub
05cc:fixme:ole:CoCreateInstanceEx no instance created for interface {79eac9e4-baf9-11ce-8c82-00aa004ba90b} of class {807583e5-5146-11d5-a672-00b0d022e945}, hr 0x80004002.
0298:err:ole:StdMarshalImpl_MarshalInterface Failed to create ifstub, hr 0x80004002
0298:err:ole:CoMarshalInterface Failed to marshal the interface {79eac9e4-baf9-11ce-8c82-00aa004ba90b}, hr 0x80004002
05cc:fixme:ole:NdrClearOutParameters (000000000305BB40,00006FFFFDFFD042,000000000305C3C8): stub
05cc:fixme:ole:CoCreateInstanceEx no instance created for interface {79eac9e4-baf9-11ce-8c82-00aa004ba90b} of class {807583e5-5146-11d5-a672-00b0d022e945}, hr 0x80004002.
0298:err:ole:StdMarshalImpl_MarshalInterface Failed to create ifstub, hr 0x80004002
0298:err:ole:CoMarshalInterface Failed to marshal the interface {79eac9e4-baf9-11ce-8c82-00aa004ba90b}, hr 0x80004002
05cc:fixme:ole:NdrClearOutParameters (000000000305BB40,00006FFFFDFFD042,000000000305C3C8): stub
05cc:fixme:ole:CoCreateInstanceEx no instance created for interface {79eac9e4-baf9-11ce-8c82-00aa004ba90b} of class {807583e5-5146-11d5-a672-00b0d022e945}, hr 0x80004002.
0298:err:ole:StdMarshalImpl_MarshalInterface Failed to create ifstub, hr 0x80004002
0298:err:ole:CoMarshalInterface Failed to marshal the interface {79eac9e4-baf9-11ce-8c82-00aa004ba90b}, hr 0x80004002
05cc:fixme:ole:NdrClearOutParameters (000000000305BB40,00006FFFFDFFD042,000000000305C3C8): stub
05cc:fixme:ole:CoCreateInstanceEx no instance created for interface {79eac9e4-baf9-11ce-8c82-00aa004ba90b} of class {807583e5-5146-11d5-a672-00b0d022e945}, hr 0x80004002.
0298:err:ole:StdMarshalImpl_MarshalInterface Failed to create ifstub, hr 0x80004002
0298:err:ole:CoMarshalInterface Failed to marshal the interface {79eac9e4-baf9-11ce-8c82-00aa004ba90b}, hr 0x80004002
05cc:fixme:ole:NdrClearOutParameters (000000000305BB40,00006FFFFDFFD042,000000000305C3C8): stub
05cc:fixme:ole:CoCreateInstanceEx no instance created for interface {79eac9e4-baf9-11ce-8c82-00aa004ba90b} of class {807583e5-5146-11d5-a672-00b0d022e945}, hr 0x80004002.
0298:err:ole:StdMarshalImpl_MarshalInterface Failed to create ifstub, hr 0x80004002
0298:err:ole:CoMarshalInterface Failed to marshal the interface {79eac9e4-baf9-11ce-8c82-00aa004ba90b}, hr 0x80004002
05cc:fixme:ole:NdrClearOutParameters (000000000305BB40,00006FFFFDFFD042,000000000305C3C8): stub
05cc:fixme:ole:CoCreateInstanceEx no instance created for interface {79eac9e4-baf9-11ce-8c82-00aa004ba90b} of class {807583e5-5146-11d5-a672-00b0d022e945}, hr 0x80004002.
0298:err:ole:StdMarshalImpl_MarshalInterface Failed to create ifstub, hr 0x80004002
0298:err:ole:CoMarshalInterface Failed to marshal the interface {79eac9e4-baf9-11ce-8c82-00aa004ba90b}, hr 0x80004002
05cc:fixme:ole:NdrClearOutParameters (000000000305BB40,00006FFFFDFFD042,000000000305C3C8): stub
05cc:fixme:ole:CoCreateInstanceEx no instance created for interface {79eac9e4-baf9-11ce-8c82-00aa004ba90b} of class {807583e5-5146-11d5-a672-00b0d022e945}, hr 0x80004002.
0298:err:ole:StdMarshalImpl_MarshalInterface Failed to create ifstub, hr 0x80004002
0298:err:ole:CoMarshalInterface Failed to marshal the interface {79eac9e4-baf9-11ce-8c82-00aa004ba90b}, hr 0x80004002
05cc:fixme:ole:NdrClearOutParameters (000000000305BB40,00006FFFFDFFD042,000000000305C3C8): stub
05cc:fixme:ole:CoCreateInstanceEx no instance created for interface {79eac9e4-baf9-11ce-8c82-00aa004ba90b} of class {807583e5-5146-11d5-a672-00b0d022e945}, hr 0x80004002.
0298:err:ole:StdMarshalImpl_MarshalInterface Failed to create ifstub, hr 0x80004002
0298:err:ole:CoMarshalInterface Failed to marshal the interface {79eac9e4-baf9-11ce-8c82-00aa004ba90b}, hr 0x80004002
05cc:fixme:ole:NdrClearOutParameters (000000000305BB40,00006FFFFDFFD042,000000000305C3C8): stub
05cc:fixme:ole:CoCreateInstanceEx no instance created for interface {79eac9e4-baf9-11ce-8c82-00aa004ba90b} of class {807583e5-5146-11d5-a672-00b0d022e945}, hr 0x80004002.
0298:err:ole:StdMarshalImpl_MarshalInterface Failed to create ifstub, hr 0x80004002
0298:err:ole:CoMarshalInterface Failed to marshal the interface {79eac9e4-baf9-11ce-8c82-00aa004ba90b}, hr 0x80004002
05cc:fixme:ole:NdrClearOutParameters (000000000305BB40,00006FFFFDFFD042,000000000305C3C8): stub
05cc:fixme:ole:CoCreateInstanceEx no instance created for interface {79eac9e4-baf9-11ce-8c82-00aa004ba90b} of class {807583e5-5146-11d5-a672-00b0d022e945}, hr 0x80004002.
0298:err:ole:StdMarshalImpl_MarshalInterface Failed to create ifstub, hr 0x80004002
0298:err:ole:CoMarshalInterface Failed to marshal the interface {79eac9e4-baf9-11ce-8c82-00aa004ba90b}, hr 0x80004002
05cc:fixme:ole:NdrClearOutParameters (000000000305BAC0,00006FFFFDFFD042,000000000305C348): stub
05cc:fixme:ole:CoCreateInstanceEx no instance created for interface {79eac9e4-baf9-11ce-8c82-00aa004ba90b} of class {807583e5-5146-11d5-a672-00b0d022e945}, hr 0x80004002.
0298:err:ole:StdMarshalImpl_MarshalInterface Failed to create ifstub, hr 0x80004002
0298:err:ole:CoMarshalInterface Failed to marshal the interface {79eac9e4-baf9-11ce-8c82-00aa004ba90b}, hr 0x80004002
05cc:fixme:ole:NdrClearOutParameters (000000000305B7B0,00006FFFFDFFD042,000000000305C038): stub
05cc:fixme:ole:CoCreateInstanceEx no instance created for interface {79eac9e4-baf9-11ce-8c82-00aa004ba90b} of class {807583e5-5146-11d5-a672-00b0d022e945}, hr 0x80004002.
0298:err:ole:StdMarshalImpl_MarshalInterface Failed to create ifstub, hr 0x80004002
0298:err:ole:CoMarshalInterface Failed to marshal the interface {79eac9e4-baf9-11ce-8c82-00aa004ba90b}, hr 0x80004002
05cc:fixme:ole:NdrClearOutParameters (000000000305B7B0,00006FFFFDFFD042,000000000305C038): stub
05cc:fixme:ole:CoCreateInstanceEx no instance created for interface {79eac9e4-baf9-11ce-8c82-00aa004ba90b} of class {807583e5-5146-11d5-a672-00b0d022e945}, hr 0x80004002.
0298:err:ole:StdMarshalImpl_MarshalInterface Failed to create ifstub, hr 0x80004002
0298:err:ole:CoMarshalInterface Failed to marshal the interface {79eac9e4-baf9-11ce-8c82-00aa004ba90b}, hr 0x80004002
05cc:fixme:ole:NdrClearOutParameters (000000000305BB00,00006FFFFDFFD042,000000000305C388): stub
05cc:fixme:ole:CoCreateInstanceEx no instance created for interface {79eac9e4-baf9-11ce-8c82-00aa004ba90b} of class {807583e5-5146-11d5-a672-00b0d022e945}, hr 0x80004002.
02d4:fixme:wintypes:RoIsApiContractMajorVersionPresent name L"Windows.Foundation.UniversalApiContract", major 15, result 000000000011B280
02d4:fixme:wintypes:RoIsApiContractMajorVersionPresent name L"Windows.Foundation.UniversalApiContract", major 14, result 000000000011B280
02d4:fixme:wintypes:RoIsApiContractMajorVersionPresent name L"Windows.Foundation.UniversalApiContract", major 13, result 000000000011B280
02d4:fixme:wintypes:RoIsApiContractMajorVersionPresent name L"Windows.Foundation.UniversalApiContract", major 12, result 000000000011B280
02d4:fixme:wintypes:RoIsApiContractMajorVersionPresent name L"Windows.Foundation.UniversalApiContract", major 11, result 000000000011B280
02d4:fixme:wintypes:RoIsApiContractMajorVersionPresent name L"Windows.Foundation.UniversalApiContract", major 10, result 000000000011B280
02d4:fixme:wintypes:RoIsApiContractMajorVersionPresent name L"Windows.Foundation.UniversalApiContract", major 9, result 000000000011B280
02d4:fixme:wintypes:RoIsApiContractMajorVersionPresent name L"Windows.Foundation.UniversalApiContract", major 8, result 000000000011B280
02d4:fixme:wintypes:RoIsApiContractMajorVersionPresent name L"Windows.Foundation.UniversalApiContract", major 7, result 000000000011B280
0320:fixme:d3d11:d3d11_device_context_DiscardView1 iface 0000000001546550, view 0000000001371FF0, rects 0000000005F1FAF8, num_rects 1 stub!
0320:fixme:dxgi:d3d11_swapchain_Present1 Ignored present parameters 0000000005F1FBF8.
0600:fixme:rpc:RpcMgmtSetCancelTimeout (0): stub
0600:fixme:rpc:RpcBindingSetAuthInfoExW unsupported AuthzSvr 9
05fc:fixme:heap:RtlSetHeapInformation HEAP_INFORMATION_CLASS 1 not implemented!
05fc:fixme:ntdll:EtwEventSetInformation (deadbeef, 2, 000000014002B49D, 32) stub
0298:err:ole:StdMarshalImpl_MarshalInterface Failed to create ifstub, hr 0x80004002
0298:err:ole:CoMarshalInterface Failed to marshal the interface {79eac9e4-baf9-11ce-8c82-00aa004ba90b}, hr 0x80004002
05cc:fixme:ole:NdrClearOutParameters (000000000305C040,00006FFFFDFFD042,000000000305C8C8): stub
05cc:fixme:ole:CoCreateInstanceEx no instance created for interface {79eac9e4-baf9-11ce-8c82-00aa004ba90b} of class {807583e5-5146-11d5-a672-00b0d022e945}, hr 0x80004002.
0298:err:ole:StdMarshalImpl_MarshalInterface Failed to create ifstub, hr 0x80004002
0298:err:ole:CoMarshalInterface Failed to marshal the interface {79eac9e4-baf9-11ce-8c82-00aa004ba90b}, hr 0x80004002
05cc:fixme:ole:NdrClearOutParameters (000000000305C040,00006FFFFDFFD042,000000000305C8C8): stub
05cc:fixme:ole:CoCreateInstanceEx no instance created for interface {79eac9e4-baf9-11ce-8c82-00aa004ba90b} of class {807583e5-5146-11d5-a672-00b0d022e945}, hr 0x80004002.
0298:err:ole:StdMarshalImpl_MarshalInterface Failed to create ifstub, hr 0x80004002
0298:err:ole:CoMarshalInterface Failed to marshal the interface {79eac9e4-baf9-11ce-8c82-00aa004ba90b}, hr 0x80004002
05cc:fixme:ole:NdrClearOutParameters (000000000305C670,00006FFFFDFFD042,000000000305CEF8): stub
05cc:fixme:ole:CoCreateInstanceEx no instance created for interface {79eac9e4-baf9-11ce-8c82-00aa004ba90b} of class {807583e5-5146-11d5-a672-00b0d022e945}, hr 0x80004002.
0298:err:ole:StdMarshalImpl_MarshalInterface Failed to create ifstub, hr 0x80004002
0298:err:ole:CoMarshalInterface Failed to marshal the interface {79eac9e4-baf9-11ce-8c82-00aa004ba90b}, hr 0x80004002
05cc:fixme:ole:NdrClearOutParameters (000000000305C670,00006FFFFDFFD042,000000000305CEF8): stub
05cc:fixme:ole:CoCreateInstanceEx no instance created for interface {79eac9e4-baf9-11ce-8c82-00aa004ba90b} of class {807583e5-5146-11d5-a672-00b0d022e945}, hr 0x80004002.
0298:err:ole:StdMarshalImpl_MarshalInterface Failed to create ifstub, hr 0x80004002
0298:err:ole:CoMarshalInterface Failed to marshal the interface {79eac9e4-baf9-11ce-8c82-00aa004ba90b}, hr 0x80004002
05cc:fixme:ole:NdrClearOutParameters (000000000305C680,00006FFFFDFFD042,000000000305CF08): stub
05cc:fixme:ole:CoCreateInstanceEx no instance created for interface {79eac9e4-baf9-11ce-8c82-00aa004ba90b} of class {807583e5-5146-11d5-a672-00b0d022e945}, hr 0x80004002.
0298:err:ole:StdMarshalImpl_MarshalInterface Failed to create ifstub, hr 0x80004002
0298:err:ole:CoMarshalInterface Failed to marshal the interface {79eac9e4-baf9-11ce-8c82-00aa004ba90b}, hr 0x80004002
05cc:fixme:ole:NdrClearOutParameters (000000000305C680,00006FFFFDFFD042,000000000305CF08): stub
05cc:fixme:ole:CoCreateInstanceEx no instance created for interface {79eac9e4-baf9-11ce-8c82-00aa004ba90b} of class {807583e5-5146-11d5-a672-00b0d022e945}, hr 0x80004002.
0634:fixme:ntdll:EtwEventSetInformation (deadbeef, 0, 00000000, 0) stub
0634:fixme:ntdll:EtwEventSetInformation (deadbeef, 2, 007986E9, 56) stub
0634:fixme:sync:SetWaitableTimerEx (00000090, 00B1F828, 0, 00000000, 00000000, 00000000, 1320) semi-stub
0634:err:kerberos:kerberos_LsaApInitializePackage no Kerberos support, expect problems
0634:fixme:secur32:GetUserNameExW NameFormat 12 not implemented
0634:fixme:urlmon:SecManagerImpl_ProcessUrlAction Unsupported arguments
0634:fixme:urlmon:SecManagerImpl_ProcessUrlAction Unsupported arguments
0634:fixme:urlmon:SecManagerImpl_ProcessUrlAction Unsupported arguments
0634:fixme:urlmon:SecManagerImpl_ProcessUrlAction Unsupported arguments
0634:fixme:urlmon:SecManagerImpl_ProcessUrlAction Unsupported arguments
0634:fixme:urlmon:SecManagerImpl_ProcessUrlAction Unsupported arguments
0634:fixme:urlmon:SecManagerImpl_ProcessUrlAction Unsupported arguments
0634:fixme:urlmon:SecManagerImpl_ProcessUrlAction Unsupported arguments
0634:fixme:urlmon:SecManagerImpl_ProcessUrlAction Unsupported arguments
0634:fixme:urlmon:SecManagerImpl_ProcessUrlAction Unsupported arguments
02d4:fixme:wintypes:RoIsApiContractMajorVersionPresent name L"Windows.Foundation.UniversalApiContract", major 15, result 000000000011B280
02d4:fixme:wintypes:RoIsApiContractMajorVersionPresent name L"Windows.Foundation.UniversalApiContract", major 14, result 000000000011B280
