01ac:fixme:onlineid:ticket_request_factory_statics_CreateOnlineIdServiceTicketRequest iface 75FB8074, service L"https://events.data.microsoft.com/OneCollector/1.0/", policy L"NFS_1wk_compact_SSL", request 025BFBB4 semi-stub.
01ac:fixme:onlineid:authenticator_put_ApplicationId iface 01D698B0, value {2b379600-b42b-4fe9-a59c-a312fb934935} semi-stub.
01ac:fixme:onlineid:authenticator_GetTicketAsync iface 01D698B0, request 01D698D0, operation 025BFBB0 semi-stub returning service connection error.
01ac:fixme:onlineid:ticket_async_put_Completed iface 01D698F0, handler 01D69910 semi-stub.
0088:fixme:combase:RoGetActivationFactory (L"Windows.Security.Authentication.OnlineId.OnlineIdSystemAuthenticator", {85047792-f634-41e3-96a4-5164e902c740}, 0000000001B5F930): semi-stub
0088:fixme:combase:RoGetActivationFactory (L"Windows.Security.Authentication.OnlineId.OnlineIdServiceTicketRequest", {bebb0a08-9e73-4077-9614-08614c0bc245}, 0000000001B5F950): semi-stub
0088:fixme:onlineid:ticket_request_factory_statics_CreateOnlineIdServiceTicketRequest iface 00006FFFF81370F8, service L"https://events.data.microsoft.com/OneCollector/1.0/", policy L"NFS_1wk_compact_SSL", request 0000000001B5F958 semi-stub.
0088:fixme:onlineid:authenticator_put_ApplicationId iface 00000000013675D0, value {2b379600-b42b-4fe9-a59c-a312fb934935} semi-stub.
0088:fixme:onlineid:authenticator_GetTicketAsync iface 00000000013675D0, request 0000000001367600, operation 0000000001B5F970 semi-stub returning service connection error.
0088:fixme:onlineid:ticket_async_put_Completed iface 0000000001367630, handler 0000000001367660 semi-stub.
03d0:fixme:wofutil:WofShouldCompressBinaries L"C:", 00000000025D31BC
03d8:err:ole:create_server class {5b99fa76-721c-423c-adac-56d03c8a8007} not registered
03d8:err:ole:com_get_class_object no class object {5b99fa76-721c-423c-adac-56d03c8a8007} could be created for context 0x4
03d8:err:ole:create_server class {5b99fa76-721c-423c-adac-56d03c8a8007} not registered
03d8:err:ole:com_get_class_object no class object {5b99fa76-721c-423c-adac-56d03c8a8007} could be created for context 0x4
0404:err:ole:marshal_object Failed to create an IRpcStubBuffer from IPSFactory for {659cdeac-489e-11d9-a9cd-000d56965251} with error 0x80004002
03e8:fixme:qmgr:BackgroundCopyJob_AddFileWithRanges 00000000007FFF10, L"http://b.c2r.ts.cdn.office.net/pr/492350f6-3a01-4f97-b9c0-c7c6ddf67d60/Office/Data/16.0.20026.20112/stream.x86.x-none.dat", L"C:\\ProgramData\\Microsoft\\ClickToRun\\ProductReleases\\44E38540-DB5C-437E-B313-21FFA52E6989\\stream.x86.x-noneCheckReachableEF30BEA1-8D74-4EB5-9727-0649C4594411", 1, 0000000000832590: stub
0408:fixme:qmgr:BackgroundCopyJob_SetPriority 00000000007FFF10, 0: stub
0400:fixme:qmgr:BackgroundCopyJob_SetNoProgressTimeout 00000000007FFF10, 21600.: stub
0408:fixme:qmgr:BackgroundCopyJob_SetMaximumDownloadTime 00000000007FFF10, 3600.
0414:err:ole:create_server class {5b99fa76-721c-423c-adac-56d03c8a8007} not registered
0414:err:ole:com_get_class_object no class object {5b99fa76-721c-423c-adac-56d03c8a8007} could be created for context 0x4
0414:err:ole:create_server class {5b99fa76-721c-423c-adac-56d03c8a8007} not registered
0414:err:ole:com_get_class_object no class object {5b99fa76-721c-423c-adac-56d03c8a8007} could be created for context 0x4
0404:err:ole:marshal_object Failed to create an IRpcStubBuffer from IPSFactory for {659cdeac-489e-11d9-a9cd-000d56965251} with error 0x80004002
03e8:fixme:qmgr:BackgroundCopyJob_AddFileWithRanges 0000000000803260, L"http://b.c2r.ts.cdn.office.net/pr/492350f6-3a01-4f97-b9c0-c7c6ddf67d60/Office/Data/16.0.20026.20112/stream.x86.en-us.dat", L"C:\\ProgramData\\Microsoft\\ClickToRun\\ProductReleases\\44E38540-DB5C-437E-B313-21FFA52E6989\\stream.x86.en-usCheckReachableD2D15B00-0F5C-4897-90E1-9F98A22A3D87", 1, 0000000000837970: stub
0400:fixme:qmgr:BackgroundCopyJob_SetPriority 0000000000803260, 0: stub
0408:fixme:qmgr:BackgroundCopyJob_SetNoProgressTimeout 0000000000803260, 21600.: stub
0400:fixme:qmgr:BackgroundCopyJob_SetMaximumDownloadTime 0000000000803260, 3600.
02f4:fixme:wintypes:RoIsApiContractMajorVersionPresent name L"Windows.Foundation.UniversalApiContract", major 15, result 000000000011B280
02f4:fixme:wintypes:RoIsApiContractMajorVersionPresent name L"Windows.Foundation.UniversalApiContract", major 14, result 000000000011B280
02f4:fixme:wintypes:RoIsApiContractMajorVersionPresent name L"Windows.Foundation.UniversalApiContract", major 13, result 000000000011B280
02f4:fixme:wintypes:RoIsApiContractMajorVersionPresent name L"Windows.Foundation.UniversalApiContract", major 12, result 000000000011B280
02f4:fixme:wintypes:RoIsApiContractMajorVersionPresent name L"Windows.Foundation.UniversalApiContract", major 11, result 000000000011B280
02f4:fixme:wintypes:RoIsApiContractMajorVersionPresent name L"Windows.Foundation.UniversalApiContract", major 10, result 000000000011B280
02f4:fixme:wintypes:RoIsApiContractMajorVersionPresent name L"Windows.Foundation.UniversalApiContract", major 9, result 000000000011B280
02f4:fixme:wintypes:RoIsApiContractMajorVersionPresent name L"Windows.Foundation.UniversalApiContract", major 8, result 000000000011B280
02f4:fixme:wintypes:RoIsApiContractMajorVersionPresent name L"Windows.Foundation.UniversalApiContract", major 7, result 000000000011B280
0338:fixme:d3d11:d3d11_device_context_DiscardView1 iface 0000000001549EA0, view 0000000001372BB0, rects 0000000005F1FAF8, num_rects 1 stub!
0338:fixme:dxgi:d3d11_swapchain_Present1 Ignored present parameters 0000000005F1FBF8.
03d0:fixme:rstrtmgr:RmStartSession 000000000317EB4C, 0, 000000000317ECD0 stub!
0250:fixme:combase:RoGetActivationFactory (L"Windows.Security.Authentication.OnlineId.OnlineIdSystemAuthenticator", {85047792-f634-41e3-96a4-5164e902c740}, 0000000001A5F930): semi-stub
0250:fixme:combase:RoGetActivationFactory (L"Windows.Security.Authentication.OnlineId.OnlineIdServiceTicketRequest", {bebb0a08-9e73-4077-9614-08614c0bc245}, 0000000001A5F950): semi-stub
0250:fixme:onlineid:ticket_request_factory_statics_CreateOnlineIdServiceTicketRequest iface 00006FFFF81370F8, service L"https://events.data.microsoft.com/OneCollector/1.0/", policy L"NFS_1wk_compact_SSL", request 0000000001A5F958 semi-stub.
0250:fixme:onlineid:authenticator_put_ApplicationId iface 0000000001566BC0, value {2b379600-b42b-4fe9-a59c-a312fb934935} semi-stub.
0250:fixme:onlineid:authenticator_GetTicketAsync iface 0000000001566BC0, request 0000000001566BF0, operation 0000000001A5F970 semi-stub returning service connection error.
0250:fixme:onlineid:ticket_async_put_Completed iface 0000000001566C20, handler 0000000001566C50 semi-stub.
03b8:fixme:combase:RoGetActivationFactory (L"Windows.Security.Authentication.OnlineId.OnlineIdSystemAuthenticator", {85047792-f634-41e3-96a4-5164e902c740}, 000000000B1CF7C8): semi-stub
03b8:fixme:combase:RoGetActivationFactory (L"Windows.Security.Authentication.OnlineId.OnlineIdServiceTicketRequest", {bebb0a08-9e73-4077-9614-08614c0bc245}, 000000000B1CF7D0): semi-stub
03b8:fixme:onlineid:ticket_request_factory_statics_CreateOnlineIdServiceTicketRequest iface 00006FFFF81370F8, service L"https://events.data.microsoft.com/OneCollector/1.0/", policy L"NFS_1wk_compact_SSL", request 000000000B1CF7E8 semi-stub.
03b8:fixme:onlineid:authenticator_put_ApplicationId iface 000000000637B2B0, value {2b379600-b42b-4fe9-a59c-a312fb934935} semi-stub.
03b8:fixme:onlineid:authenticator_GetTicketAsync iface 000000000637B2B0, request 000000000637B2E0, operation 000000000B1CF7F8 semi-stub returning service connection error.
03b8:fixme:onlineid:ticket_async_put_Completed iface 000000000637B310, handler 000000000637B340 semi-stub.
03d0:fixme:rstrtmgr:RmEndSession 3735928559 stub!
03d0:fixme:rstrtmgr:RmStartSession 000000000317EB4C, 0, 000000000317ECD0 stub!
03d0:fixme:rstrtmgr:RmEndSession 3735928559 stub!
046c:fixme:ntdll:RtlValidRelativeSecurityDescriptor 0000000002981100,396,0: semi-stub
046c:fixme:ntdll:RtlValidRelativeSecurityDescriptor 0000000002981100,396,0: semi-stub
046c:fixme:ntdll:RtlNewSecurityObjectWithMultipleInheritance semi-stub
046c:fixme:ntdll:RtlNewSecurityObjectEx 00000000007B5540, 0000000000000000, 000000000317E140, 0000000000000000, 1, 0x1078, 0000000000000000 00006FFFF4784028 - semi-stub
046c:fixme:ntdll:RtlDeleteSecurityObject 000000000317E140 stub.
046c:fixme:ntdll:RtlValidRelativeSecurityDescriptor 0000000003A91100,396,0: semi-stub
046c:fixme:ntdll:RtlValidRelativeSecurityDescriptor 0000000003A91100,396,0: semi-stub
046c:fixme:ntdll:RtlNewSecurityObjectWithMultipleInheritance semi-stub
046c:fixme:ntdll:RtlNewSecurityObjectEx 00000000007B5540, 0000000000000000, 000000000317E140, 0000000000000000, 1, 0x1078, 0000000000000000 00006FFFF4784028 - semi-stub
046c:fixme:ntdll:RtlDeleteSecurityObject 000000000317E140 stub.
046c:fixme:ntdll:RtlValidRelativeSecurityDescriptor 0000000003A91100,396,0: semi-stub
046c:fixme:ntdll:RtlValidRelativeSecurityDescriptor 0000000003A91100,396,0: semi-stub
046c:fixme:ntdll:RtlNewSecurityObjectWithMultipleInheritance semi-stub
046c:fixme:ntdll:RtlNewSecurityObjectEx 00000000007B5540, 0000000000000000, 000000000317E140, 0000000000000000, 1, 0x1078, 0000000000000000 00006FFFF4784028 - semi-stub
046c:fixme:ntdll:RtlDeleteSecurityObject 000000000317E140 stub.
046c:fixme:ntdll:RtlValidRelativeSecurityDescriptor 00000000007B8F00,396,0: semi-stub
046c:fixme:ntdll:RtlValidRelativeSecurityDescriptor 00000000007B8F00,396,0: semi-stub
046c:fixme:ntdll:RtlNewSecurityObjectWithMultipleInheritance semi-stub
046c:fixme:ntdll:RtlNewSecurityObjectEx 00000000007B5540, 0000000000000000, 000000000317E140, 0000000000000000, 1, 0x1078, 0000000000000000 00006FFFF4784028 - semi-stub
046c:fixme:ntdll:RtlDeleteSecurityObject 000000000317E140 stub.
046c:fixme:ntdll:RtlValidRelativeSecurityDescriptor 0000000003A91100,396,0: semi-stub
046c:fixme:ntdll:RtlValidRelativeSecurityDescriptor 0000000003A91100,396,0: semi-stub
046c:fixme:ntdll:RtlNewSecurityObjectWithMultipleInheritance semi-stub
046c:fixme:ntdll:RtlNewSecurityObjectEx 00000000007B5540, 0000000000000000, 000000000317E140, 0000000000000000, 1, 0x1078, 0000000000000000 00006FFFF4784028 - semi-stub
046c:fixme:ntdll:RtlDeleteSecurityObject 000000000317E140 stub.
046c:fixme:ntdll:RtlValidRelativeSecurityDescriptor 000000000C3A1100,396,0: semi-stub
046c:fixme:ntdll:RtlValidRelativeSecurityDescriptor 000000000C3A1100,396,0: semi-stub
046c:fixme:ntdll:RtlNewSecurityObjectWithMultipleInheritance semi-stub
046c:fixme:ntdll:RtlNewSecurityObjectEx 00000000007B5540, 0000000000000000, 000000000317E140, 0000000000000000, 1, 0x1078, 0000000000000000 00006FFFF4784028 - semi-stub
046c:fixme:ntdll:RtlDeleteSecurityObject 000000000317E140 stub.
046c:fixme:ntdll:RtlValidRelativeSecurityDescriptor 00000000007B8F00,396,0: semi-stub
046c:fixme:ntdll:RtlValidRelativeSecurityDescriptor 00000000007B8F00,396,0: semi-stub
046c:fixme:ntdll:RtlNewSecurityObjectWithMultipleInheritance semi-stub
046c:fixme:ntdll:RtlNewSecurityObjectEx 00000000007B5540, 0000000000000000, 000000000317E140, 0000000000000000, 1, 0x1078, 0000000000000000 00006FFFF4784028 - semi-stub
046c:fixme:ntdll:RtlDeleteSecurityObject 000000000317E140 stub.
046c:fixme:ntdll:RtlValidRelativeSecurityDescriptor 00000000007B8F00,396,0: semi-stub
046c:fixme:ntdll:RtlValidRelativeSecurityDescriptor 00000000007B8F00,396,0: semi-stub
046c:fixme:ntdll:RtlNewSecurityObjectWithMultipleInheritance semi-stub
046c:fixme:ntdll:RtlNewSecurityObjectEx 00000000007B5540, 0000000000000000, 000000000317E140, 0000000000000000, 1, 0x1078, 0000000000000000 00006FFFF4784028 - semi-stub
046c:fixme:ntdll:RtlDeleteSecurityObject 000000000317E140 stub.
046c:fixme:ntdll:RtlValidRelativeSecurityDescriptor 000000000C3A1100,396,0: semi-stub
046c:fixme:ntdll:RtlValidRelativeSecurityDescriptor 000000000C3A1100,396,0: semi-stub
046c:fixme:ntdll:RtlNewSecurityObjectWithMultipleInheritance semi-stub
046c:fixme:ntdll:RtlNewSecurityObjectEx 00000000007B5540, 0000000000000000, 000000000317E140, 0000000000000000, 1, 0x1078, 0000000000000000 00006FFFF4784028 - semi-stub
046c:fixme:ntdll:RtlDeleteSecurityObject 000000000317E140 stub.
046c:fixme:ntdll:RtlValidRelativeSecurityDescriptor 000000000C3A1100,396,0: semi-stub
046c:fixme:ntdll:RtlValidRelativeSecurityDescriptor 000000000C3A1100,396,0: semi-stub
046c:fixme:ntdll:RtlNewSecurityObjectWithMultipleInheritance semi-stub
046c:fixme:ntdll:RtlNewSecurityObjectEx 00000000007B5540, 0000000000000000, 000000000317E140, 0000000000000000, 1, 0x1078, 0000000000000000 00006FFFF4784028 - semi-stub
046c:fixme:ntdll:RtlDeleteSecurityObject 000000000317E140 stub.
0474:fixme:wldp:WldpGetLockdownPolicy 0000000000000000 00000000030AEFF0 0
0474:fixme:wldp:WldpQueryWindowsLockdownMode 00000000030AEFD4
047c:fixme:ntdll:NtQuerySystemInformation info_class SYSTEM_PERFORMANCE_INFORMATION

Unhandled Exception:
System.IO.FileNotFoundException: Could not load file or assembly 'Windows, Version=255.255.255.255, Culture=neutral, PublicKeyToken=null' or one of its dependencies.
File name: 'Windows, Version=255.255.255.255, Culture=neutral, PublicKeyToken=null'
  at Microsoft.Office.C2R.InspectorOfficeGadget.Main (System.String[] args) [0x00133] in <d51ecde860654e1f9cc6dbf56af8ae90>:0 
[ERROR] FATAL UNHANDLED EXCEPTION: System.IO.FileNotFoundException: Could not load file or assembly 'Windows, Version=255.255.255.255, Culture=neutral, PublicKeyToken=null' or one of its dependencies.
File name: 'Windows, Version=255.255.255.255, Culture=neutral, PublicKeyToken=null'
02f4:fixme:wintypes:RoIsApiContractMajorVersionPresent name L"Windows.Foundation.UniversalApiContract", major 15, result 000000000011B280
02f4:fixme:wintypes:RoIsApiContractMajorVersionPresent name L"Windows.Foundation.UniversalApiContract", major 14, result 000000000011B280
02f4:fixme:wintypes:RoIsApiContractMajorVersionPresent name L"Windows.Foundation.UniversalApiContract", major 13, result 000000000011B280
02f4:fixme:wintypes:RoIsApiContractMajorVersionPresent name L"Windows.Foundation.UniversalApiContract", major 12, result 000000000011B280
02f4:fixme:wintypes:RoIsApiContractMajorVersionPresent name L"Windows.Foundation.UniversalApiContract", major 11, result 000000000011B280
02f4:fixme:wintypes:RoIsApiContractMajorVersionPresent name L"Windows.Foundation.UniversalApiContract", major 10, result 000000000011B280
02f4:fixme:wintypes:RoIsApiContractMajorVersionPresent name L"Windows.Foundation.UniversalApiContract", major 9, result 000000000011B280
02f4:fixme:wintypes:RoIsApiContractMajorVersionPresent name L"Windows.Foundation.UniversalApiContract", major 8, result 000000000011B280
02f4:fixme:wintypes:RoIsApiContractMajorVersionPresent name L"Windows.Foundation.UniversalApiContract", major 7, result 000000000011B280
0338:fixme:d3d11:d3d11_device_context_DiscardView1 iface 0000000001549EA0, view 0000000001372BB0, rects 0000000005F1FAF8, num_rects 1 stub!
0338:fixme:dxgi:d3d11_swapchain_Present1 Ignored present parameters 0000000005F1FBF8.
0494:fixme:ntdll:NtQuerySystemInformation info_class SYSTEM_PERFORMANCE_INFORMATION

Unhandled Exception:
System.IO.FileNotFoundException: Could not load file or assembly 'Windows, Version=255.255.255.255, Culture=neutral, PublicKeyToken=null' or one of its dependencies.
File name: 'Windows, Version=255.255.255.255, Culture=neutral, PublicKeyToken=null'
  at Microsoft.Office.C2R.InspectorOfficeGadget.Main (System.String[] args) [0x00133] in <d51ecde860654e1f9cc6dbf56af8ae90>:0 
[ERROR] FATAL UNHANDLED EXCEPTION: System.IO.FileNotFoundException: Could not load file or assembly 'Windows, Version=255.255.255.255, Culture=neutral, PublicKeyToken=null' or one of its dependencies.
File name: 'Windows, Version=255.255.255.255, Culture=neutral, PublicKeyToken=null'
04ac:fixme:ntdll:NtQuerySystemInformation info_class SYSTEM_PERFORMANCE_INFORMATION

Unhandled Exception:
System.IO.FileNotFoundException: Could not load file or assembly 'Windows, Version=255.255.255.255, Culture=neutral, PublicKeyToken=null' or one of its dependencies.
File name: 'Windows, Version=255.255.255.255, Culture=neutral, PublicKeyToken=null'
  at Microsoft.Office.C2R.InspectorOfficeGadget.Main (System.String[] args) [0x00133] in <d51ecde860654e1f9cc6dbf56af8ae90>:0 
[ERROR] FATAL UNHANDLED EXCEPTION: System.IO.FileNotFoundException: Could not load file or assembly 'Windows, Version=255.255.255.255, Culture=neutral, PublicKeyToken=null' or one of its dependencies.
File name: 'Windows, Version=255.255.255.255, Culture=neutral, PublicKeyToken=null'
0474:fixme:exec:SHELL_execute flags ignored: 0x00000100
04c4:fixme:powershell:wmain stub.
04c4:fixme:powershell:wmain argv[0] L"C:\\windows\\system32\\WindowsPowershell\\v1.0\\powershell.exe"
04c4:fixme:powershell:wmain argv[1] L"-NoProfile"
04c4:fixme:powershell:wmain argv[2] L"$App = Get-AppxProvisionedPackage -ONLINE | Where {$_.DisplayName -eq \"Microsoft.Office.Desktop\"};if ($App -ne $null) {Remove-ProvisionedAppxPackage -online -allUsers -PackageName $App.PackageName}; if ($error.Count -eq 0) { Out-File -FilePath 'C:\\users\\steamuser\\AppData\\Local\\Temp"...
0474:fixme:exec:SHELL_execute flags ignored: 0x00000100
04d4:fixme:powershell:wmain stub.
04d4:fixme:powershell:wmain argv[0] L"C:\\windows\\system32\\WindowsPowershell\\v1.0\\powershell.exe"
04d4:fixme:powershell:wmain argv[1] L"-NoProfile"
04d4:fixme:powershell:wmain argv[2] L"Get-AppXPackage Microsoft.Office.Desktop -allUsers | Remove-AppXPackage -allUsers"
0474:fixme:exec:SHELL_execute flags ignored: 0x00000100
04e4:fixme:powershell:wmain stub.
04e4:fixme:powershell:wmain argv[0] L"C:\\windows\\system32\\WindowsPowershell\\v1.0\\powershell.exe"
04e4:fixme:powershell:wmain argv[1] L"-NoProfile"
04e4:fixme:powershell:wmain argv[2] L"Get-AppXPackage Microsoft.Office.Desktop -PackageTypeFilter bundle -allUsers | Remove-AppXPackage -allUsers"
04f4:fixme:ntdll:NtQuerySystemInformation info_class SYSTEM_PERFORMANCE_INFORMATION

Unhandled Exception:
System.IO.FileNotFoundException: Could not load file or assembly 'Windows, Version=255.255.255.255, Culture=neutral, PublicKeyToken=null' or one of its dependencies.
File name: 'Windows, Version=255.255.255.255, Culture=neutral, PublicKeyToken=null'
  at Microsoft.Office.C2R.InspectorOfficeGadget.Main (System.String[] args) [0x00133] in <d51ecde860654e1f9cc6dbf56af8ae90>:0 
[ERROR] FATAL UNHANDLED EXCEPTION: System.IO.FileNotFoundException: Could not load file or assembly 'Windows, Version=255.255.255.255, Culture=neutral, PublicKeyToken=null' or one of its dependencies.
File name: 'Windows, Version=255.255.255.255, Culture=neutral, PublicKeyToken=null'
050c:fixme:ntdll:NtQuerySystemInformation info_class SYSTEM_PERFORMANCE_INFORMATION

Unhandled Exception:
System.IO.FileNotFoundException: Could not load file or assembly 'Windows, Version=255.255.255.255, Culture=neutral, PublicKeyToken=null' or one of its dependencies.
File name: 'Windows, Version=255.255.255.255, Culture=neutral, PublicKeyToken=null'
  at Microsoft.Office.C2R.InspectorOfficeGadget.Main (System.String[] args) [0x00133] in <d51ecde860654e1f9cc6dbf56af8ae90>:0 
[ERROR] FATAL UNHANDLED EXCEPTION: System.IO.FileNotFoundException: Could not load file or assembly 'Windows, Version=255.255.255.255, Culture=neutral, PublicKeyToken=null' or one of its dependencies.
File name: 'Windows, Version=255.255.255.255, Culture=neutral, PublicKeyToken=null'
0524:fixme:ntdll:NtQuerySystemInformation info_class SYSTEM_PERFORMANCE_INFORMATION

Unhandled Exception:
System.IO.FileNotFoundException: Could not load file or assembly 'Windows, Version=255.255.255.255, Culture=neutral, PublicKeyToken=null' or one of its dependencies.
File name: 'Windows, Version=255.255.255.255, Culture=neutral, PublicKeyToken=null'
  at Microsoft.Office.C2R.InspectorOfficeGadget.Main (System.String[] args) [0x00133] in <d51ecde860654e1f9cc6dbf56af8ae90>:0 
[ERROR] FATAL UNHANDLED EXCEPTION: System.IO.FileNotFoundException: Could not load file or assembly 'Windows, Version=255.255.255.255, Culture=neutral, PublicKeyToken=null' or one of its dependencies.
File name: 'Windows, Version=255.255.255.255, Culture=neutral, PublicKeyToken=null'
0474:fixme:exec:SHELL_execute flags ignored: 0x00000100
053c:fixme:powershell:wmain stub.
053c:fixme:powershell:wmain argv[0] L"C:\\windows\\system32\\WindowsPowershell\\v1.0\\powershell.exe"
053c:fixme:powershell:wmain argv[1] L"-NoProfile"
053c:fixme:powershell:wmain argv[2] L"$App = Get-AppxProvisionedPackage -ONLINE | Where {$_.DisplayName -eq \"Microsoft.Office.Desktop\"};if ($App -ne $null) {Remove-ProvisionedAppxPackage -online -allUsers -PackageName $App.PackageName}; if ($error.Count -eq 0) { Out-File -FilePath 'C:\\users\\steamuser\\AppData\\Local\\Temp"...
0474:fixme:exec:SHELL_execute flags ignored: 0x00000100
054c:fixme:powershell:wmain stub.
054c:fixme:powershell:wmain argv[0] L"C:\\windows\\system32\\WindowsPowershell\\v1.0\\powershell.exe"
054c:fixme:powershell:wmain argv[1] L"-NoProfile"
054c:fixme:powershell:wmain argv[2] L"Get-AppXPackage Microsoft.Office.Desktop -allUsers | Remove-AppXPackage -allUsers"
0474:fixme:exec:SHELL_execute flags ignored: 0x00000100
055c:fixme:powershell:wmain stub.
055c:fixme:powershell:wmain argv[0] L"C:\\windows\\system32\\WindowsPowershell\\v1.0\\powershell.exe"
055c:fixme:powershell:wmain argv[1] L"-NoProfile"
055c:fixme:powershell:wmain argv[2] L"Get-AppXPackage Microsoft.Office.Desktop -PackageTypeFilter bundle -allUsers | Remove-AppXPackage -allUsers"
056c:fixme:ntdll:NtQuerySystemInformation info_class SYSTEM_PERFORMANCE_INFORMATION

Unhandled Exception:
System.IO.FileNotFoundException: Could not load file or assembly 'Windows, Version=255.255.255.255, Culture=neutral, PublicKeyToken=null' or one of its dependencies.
File name: 'Windows, Version=255.255.255.255, Culture=neutral, PublicKeyToken=null'
  at Microsoft.Office.C2R.InspectorOfficeGadget.Main (System.String[] args) [0x00133] in <d51ecde860654e1f9cc6dbf56af8ae90>:0 
[ERROR] FATAL UNHANDLED EXCEPTION: System.IO.FileNotFoundException: Could not load file or assembly 'Windows, Version=255.255.255.255, Culture=neutral, PublicKeyToken=null' or one of its dependencies.
File name: 'Windows, Version=255.255.255.255, Culture=neutral, PublicKeyToken=null'
0584:fixme:ntdll:NtQuerySystemInformation info_class SYSTEM_PERFORMANCE_INFORMATION

Unhandled Exception:
System.IO.FileNotFoundException: Could not load file or assembly 'Windows, Version=255.255.255.255, Culture=neutral, PublicKeyToken=null' or one of its dependencies.
File name: 'Windows, Version=255.255.255.255, Culture=neutral, PublicKeyToken=null'
  at Microsoft.Office.C2R.InspectorOfficeGadget.Main (System.String[] args) [0x00133] in <d51ecde860654e1f9cc6dbf56af8ae90>:0 
[ERROR] FATAL UNHANDLED EXCEPTION: System.IO.FileNotFoundException: Could not load file or assembly 'Windows, Version=255.255.255.255, Culture=neutral, PublicKeyToken=null' or one of its dependencies.
File name: 'Windows, Version=255.255.255.255, Culture=neutral, PublicKeyToken=null'
059c:fixme:ntdll:NtQuerySystemInformation info_class SYSTEM_PERFORMANCE_INFORMATION

Unhandled Exception:
System.IO.FileNotFoundException: Could not load file or assembly 'Windows, Version=255.255.255.255, Culture=neutral, PublicKeyToken=null' or one of its dependencies.
File name: 'Windows, Version=255.255.255.255, Culture=neutral, PublicKeyToken=null'
  at Microsoft.Office.C2R.InspectorOfficeGadget.Main (System.String[] args) [0x00133] in <d51ecde860654e1f9cc6dbf56af8ae90>:0 
[ERROR] FATAL UNHANDLED EXCEPTION: System.IO.FileNotFoundException: Could not load file or assembly 'Windows, Version=255.255.255.255, Culture=neutral, PublicKeyToken=null' or one of its dependencies.
File name: 'Windows, Version=255.255.255.255, Culture=neutral, PublicKeyToken=null'
0474:fixme:exec:SHELL_execute flags ignored: 0x00000100
05b4:fixme:powershell:wmain stub.
05b4:fixme:powershell:wmain argv[0] L"C:\\windows\\system32\\WindowsPowershell\\v1.0\\powershell.exe"
05b4:fixme:powershell:wmain argv[1] L"-NoProfile"
05b4:fixme:powershell:wmain argv[2] L"$App = Get-AppxProvisionedPackage -ONLINE | Where {$_.DisplayName -eq \"Microsoft.Office.Desktop\"};if ($App -ne $null) {Remove-ProvisionedAppxPackage -online -allUsers -PackageName $App.PackageName}; if ($error.Count -eq 0) { Out-File -FilePath 'C:\\users\\steamuser\\AppData\\Local\\Temp"...
0474:fixme:exec:SHELL_execute flags ignored: 0x00000100
05c4:fixme:powershell:wmain stub.
05c4:fixme:powershell:wmain argv[0] L"C:\\windows\\system32\\WindowsPowershell\\v1.0\\powershell.exe"
05c4:fixme:powershell:wmain argv[1] L"-NoProfile"
05c4:fixme:powershell:wmain argv[2] L"Get-AppXPackage Microsoft.Office.Desktop -allUsers | Remove-AppXPackage -allUsers"
0474:fixme:exec:SHELL_execute flags ignored: 0x00000100
05d4:fixme:powershell:wmain stub.
05d4:fixme:powershell:wmain argv[0] L"C:\\windows\\system32\\WindowsPowershell\\v1.0\\powershell.exe"
05d4:fixme:powershell:wmain argv[1] L"-NoProfile"
05d4:fixme:powershell:wmain argv[2] L"Get-AppXPackage Microsoft.Office.Desktop -PackageTypeFilter bundle -allUsers | Remove-AppXPackage -allUsers"
05e8:fixme:combase:RoGetActivationFactory (L"Windows.Security.Isolation.IsolatedWindowsEnvironmentHost", {2c0e22c7-05a0-517a-b81c-6ee8790c381f}, 000000000317E940): semi-stub
05e8:fixme:hvsi:isolated_host_statics_get_HostErrors iface 00006FFFF4763048, value 000000000317E9A0 stub!
05e8:fixme:combase:RoOriginateLanguageException 0x80004001, L"", 0000000000000000: stub
02f4:fixme:wintypes:RoIsApiContractMajorVersionPresent name L"Windows.Foundation.UniversalApiContract", major 15, result 000000000011B280
02f4:fixme:wintypes:RoIsApiContractMajorVersionPresent name L"Windows.Foundation.UniversalApiContract", major 14, result 000000000011B280
02f4:fixme:wintypes:RoIsApiContractMajorVersionPresent name L"Windows.Foundation.UniversalApiContract", major 13, result 000000000011B280
02f4:fixme:wintypes:RoIsApiContractMajorVersionPresent name L"Windows.Foundation.UniversalApiContract", major 12, result 000000000011B280
02f4:fixme:wintypes:RoIsApiContractMajorVersionPresent name L"Windows.Foundation.UniversalApiContract", major 11, result 000000000011B280
02f4:fixme:wintypes:RoIsApiContractMajorVersionPresent name L"Windows.Foundation.UniversalApiContract", major 10, result 000000000011B280
02f4:fixme:wintypes:RoIsApiContractMajorVersionPresent name L"Windows.Foundation.UniversalApiContract", major 9, result 000000000011B280
02f4:fixme:wintypes:RoIsApiContractMajorVersionPresent name L"Windows.Foundation.UniversalApiContract", major 8, result 000000000011B280
02f4:fixme:wintypes:RoIsApiContractMajorVersionPresent name L"Windows.Foundation.UniversalApiContract", major 7, result 000000000011B280
0338:fixme:d3d11:d3d11_device_context_DiscardView1 iface 0000000001549EA0, view 0000000001372BB0, rects 0000000005F1FAF8, num_rects 1 stub!
0338:fixme:dxgi:d3d11_swapchain_Present1 Ignored present parameters 0000000005F1FBF8.
05f0:fixme:ntdll:EtwEventSetInformation (deadbeef, 0, 00000000, 0) stub
05f0:fixme:ntdll:EtwEventSetInformation (deadbeef, 2, 007986E9, 56) stub
05f0:fixme:sync:SetWaitableTimerEx (00000090, 00B1F828, 0, 00000000, 00000000, 00000000, 1320) semi-stub
05f0:err:kerberos:kerberos_LsaApInitializePackage no Kerberos support, expect problems
05f0:fixme:secur32:GetUserNameExW NameFormat 12 not implemented
05f0:fixme:urlmon:SecManagerImpl_ProcessUrlAction Unsupported arguments
05f0:fixme:urlmon:SecManagerImpl_ProcessUrlAction Unsupported arguments
05f0:fixme:urlmon:SecManagerImpl_ProcessUrlAction Unsupported arguments
05f0:fixme:urlmon:SecManagerImpl_ProcessUrlAction Unsupported arguments
05f0:fixme:urlmon:SecManagerImpl_ProcessUrlAction Unsupported arguments
05f0:fixme:urlmon:SecManagerImpl_ProcessUrlAction Unsupported arguments
05f0:fixme:urlmon:SecManagerImpl_ProcessUrlAction Unsupported arguments
05f0:fixme:urlmon:SecManagerImpl_ProcessUrlAction Unsupported arguments
05f0:fixme:urlmon:SecManagerImpl_ProcessUrlAction Unsupported arguments
05f0:fixme:urlmon:SecManagerImpl_ProcessUrlAction Unsupported arguments
05f0:fixme:urlmon:SecManagerImpl_ProcessUrlAction Unsupported arguments
05f0:fixme:urlmon:SecManagerImpl_ProcessUrlAction Unsupported arguments
05f0:fixme:urlmon:SecManagerImpl_ProcessUrlAction Unsupported arguments
05f0:fixme:urlmon:SecManagerImpl_ProcessUrlAction Unsupported arguments
05f0:fixme:urlmon:SecManagerImpl_ProcessUrlAction Unsupported arguments
05f0:fixme:urlmon:SecManagerImpl_ProcessUrlAction Unsupported arguments
05f0:fixme:urlmon:SecManagerImpl_ProcessUrlAction Unsupported arguments
05f0:fixme:urlmon:SecManagerImpl_ProcessUrlAction Unsupported arguments
05f0:fixme:urlmon:SecManagerImpl_ProcessUrlAction Unsupported arguments
05f0:fixme:urlmon:SecManagerImpl_ProcessUrlAction Unsupported arguments
0608:fixme:combase:RoGetActivationFactory (L"Windows.Networking.Connectivity.NetworkInformation", {5074f851-950d-4165-9c15-365619481eea}, 034D1DAC): semi-stub
0608:fixme:netprofm:cost_manager_GetCost 0353DCBC, 02AFFE68, 00000000
0608:fixme:netprofm:connection_point_Advise 0353DD20, 034D1DA0, 034D1E38 - semi-stub
0608:fixme:netprofm:connection_point_Advise 0353DD44, 034D1DA0, 034D1E34 - semi-stub
0608:fixme:netprofm:connection_point_Advise 0353DCD8, 034D1DA0, 034D1E3C - semi-stub
0604:fixme:file:NtLockFile I/O completion on lock not implemented yet
0604:fixme:combase:RoGetActivationFactory (L"Windows.Security.Authentication.OnlineId.OnlineIdSystemAuthenticator", {85047792-f634-41e3-96a4-5164e902c740}, 027FFD54): semi-stub
0604:fixme:combase:RoGetActivationFactory (L"Windows.Security.Authentication.OnlineId.OnlineIdServiceTicketRequest", {bebb0a08-9e73-4077-9614-08614c0bc245}, 027FFD50): semi-stub
0604:fixme:onlineid:ticket_request_factory_statics_CreateOnlineIdServiceTicketRequest iface 75FB8074, service L"https://events.data.microsoft.com/OneCollector/1.0/", policy L"NFS_1wk_compact_SSL", request 027FFD44 semi-stub.
0604:fixme:onlineid:authenticator_put_ApplicationId iface 03512C08, value {2b379600-b42b-4fe9-a59c-a312fb934935} semi-stub.
0604:fixme:onlineid:authenticator_GetTicketAsync iface 03512C08, request 03512C48, operation 027FFD40 semi-stub returning service connection error.
0604:fixme:onlineid:ticket_async_put_Completed iface 03512C68, handler 034F93A8 semi-stub.
05f0:fixme:reg:NtQueryLicenseValue License key L"Microsoft-Windows-Container-License-Mode" not found
02b0:err:ole:StdMarshalImpl_MarshalInterface Failed to create ifstub, hr 0x80004002
02b0:err:ole:CoMarshalInterface Failed to marshal the interface {79eac9e4-baf9-11ce-8c82-00aa004ba90b}, hr 0x80004002
05e8:fixme:ole:NdrClearOutParameters (000000000317B290,00006FFFFDFFD042,000000000317BB18): stub
05e8:fixme:ole:CoCreateInstanceEx no instance created for interface {79eac9e4-baf9-11ce-8c82-00aa004ba90b} of class {807583e5-5146-11d5-a672-00b0d022e945}, hr 0x80004002.
02b0:err:ole:StdMarshalImpl_MarshalInterface Failed to create ifstub, hr 0x80004002
02b0:err:ole:CoMarshalInterface Failed to marshal the interface {79eac9e4-baf9-11ce-8c82-00aa004ba90b}, hr 0x80004002
05e8:fixme:ole:NdrClearOutParameters (000000000317B290,00006FFFFDFFD042,000000000317BB18): stub
05e8:fixme:ole:CoCreateInstanceEx no instance created for interface {79eac9e4-baf9-11ce-8c82-00aa004ba90b} of class {807583e5-5146-11d5-a672-00b0d022e945}, hr 0x80004002.
02b0:err:ole:StdMarshalImpl_MarshalInterface Failed to create ifstub, hr 0x80004002
02b0:err:ole:CoMarshalInterface Failed to marshal the interface {79eac9e4-baf9-11ce-8c82-00aa004ba90b}, hr 0x80004002
05e8:fixme:ole:NdrClearOutParameters (000000000317BF70,00006FFFFDFFD042,000000000317C7F8): stub
05e8:fixme:ole:CoCreateInstanceEx no instance created for interface {79eac9e4-baf9-11ce-8c82-00aa004ba90b} of class {807583e5-5146-11d5-a672-00b0d022e945}, hr 0x80004002.
02b0:err:ole:StdMarshalImpl_MarshalInterface Failed to create ifstub, hr 0x80004002
02b0:err:ole:CoMarshalInterface Failed to marshal the interface {79eac9e4-baf9-11ce-8c82-00aa004ba90b}, hr 0x80004002
05e8:fixme:ole:NdrClearOutParameters (000000000317BF70,00006FFFFDFFD042,000000000317C7F8): stub
05e8:fixme:ole:CoCreateInstanceEx no instance created for interface {79eac9e4-baf9-11ce-8c82-00aa004ba90b} of class {807583e5-5146-11d5-a672-00b0d022e945}, hr 0x80004002.
02b0:err:ole:StdMarshalImpl_MarshalInterface Failed to create ifstub, hr 0x80004002
02b0:err:ole:CoMarshalInterface Failed to marshal the interface {79eac9e4-baf9-11ce-8c82-00aa004ba90b}, hr 0x80004002
05e8:fixme:ole:NdrClearOutParameters (000000000317C130,00006FFFFDFFD042,000000000317C9B8): stub
05e8:fixme:ole:CoCreateInstanceEx no instance created for interface {79eac9e4-baf9-11ce-8c82-00aa004ba90b} of class {807583e5-5146-11d5-a672-00b0d022e945}, hr 0x80004002.
02b0:err:ole:StdMarshalImpl_MarshalInterface Failed to create ifstub, hr 0x80004002
02b0:err:ole:CoMarshalInterface Failed to marshal the interface {79eac9e4-baf9-11ce-8c82-00aa004ba90b}, hr 0x80004002
05e8:fixme:ole:NdrClearOutParameters (000000000317C130,00006FFFFDFFD042,000000000317C9B8): stub
05e8:fixme:ole:CoCreateInstanceEx no instance created for interface {79eac9e4-baf9-11ce-8c82-00aa004ba90b} of class {807583e5-5146-11d5-a672-00b0d022e945}, hr 0x80004002.
02b0:err:ole:StdMarshalImpl_MarshalInterface Failed to create ifstub, hr 0x80004002
02b0:err:ole:CoMarshalInterface Failed to marshal the interface {79eac9e4-baf9-11ce-8c82-00aa004ba90b}, hr 0x80004002
05e8:fixme:ole:NdrClearOutParameters (000000000317C130,00006FFFFDFFD042,000000000317C9B8): stub
05e8:fixme:ole:CoCreateInstanceEx no instance created for interface {79eac9e4-baf9-11ce-8c82-00aa004ba90b} of class {807583e5-5146-11d5-a672-00b0d022e945}, hr 0x80004002.
02b0:err:ole:StdMarshalImpl_MarshalInterface Failed to create ifstub, hr 0x80004002
02b0:err:ole:CoMarshalInterface Failed to marshal the interface {79eac9e4-baf9-11ce-8c82-00aa004ba90b}, hr 0x80004002
05e8:fixme:ole:NdrClearOutParameters (000000000317C130,00006FFFFDFFD042,000000000317C9B8): stub
05e8:fixme:ole:CoCreateInstanceEx no instance created for interface {79eac9e4-baf9-11ce-8c82-00aa004ba90b} of class {807583e5-5146-11d5-a672-00b0d022e945}, hr 0x80004002.
02b0:err:ole:StdMarshalImpl_MarshalInterface Failed to create ifstub, hr 0x80004002
02b0:err:ole:CoMarshalInterface Failed to marshal the interface {79eac9e4-baf9-11ce-8c82-00aa004ba90b}, hr 0x80004002
05e8:fixme:ole:NdrClearOutParameters (000000000317C130,00006FFFFDFFD042,000000000317C9B8): stub
05e8:fixme:ole:CoCreateInstanceEx no instance created for interface {79eac9e4-baf9-11ce-8c82-00aa004ba90b} of class {807583e5-5146-11d5-a672-00b0d022e945}, hr 0x80004002.
02b0:err:ole:StdMarshalImpl_MarshalInterface Failed to create ifstub, hr 0x80004002
02b0:err:ole:CoMarshalInterface Failed to marshal the interface {79eac9e4-baf9-11ce-8c82-00aa004ba90b}, hr 0x80004002
05e8:fixme:ole:NdrClearOutParameters (000000000317C130,00006FFFFDFFD042,000000000317C9B8): stub
05e8:fixme:ole:CoCreateInstanceEx no instance created for interface {79eac9e4-baf9-11ce-8c82-00aa004ba90b} of class {807583e5-5146-11d5-a672-00b0d022e945}, hr 0x80004002.
02b0:err:ole:StdMarshalImpl_MarshalInterface Failed to create ifstub, hr 0x80004002
02b0:err:ole:CoMarshalInterface Failed to marshal the interface {79eac9e4-baf9-11ce-8c82-00aa004ba90b}, hr 0x80004002
05e8:fixme:ole:NdrClearOutParameters (000000000317C130,00006FFFFDFFD042,000000000317C9B8): stub
05e8:fixme:ole:CoCreateInstanceEx no instance created for interface {79eac9e4-baf9-11ce-8c82-00aa004ba90b} of class {807583e5-5146-11d5-a672-00b0d022e945}, hr 0x80004002.
02b0:err:ole:StdMarshalImpl_MarshalInterface Failed to create ifstub, hr 0x80004002
02b0:err:ole:CoMarshalInterface Failed to marshal the interface {79eac9e4-baf9-11ce-8c82-00aa004ba90b}, hr 0x80004002
05e8:fixme:ole:NdrClearOutParameters (000000000317C130,00006FFFFDFFD042,000000000317C9B8): stub
05e8:fixme:ole:CoCreateInstanceEx no instance created for interface {79eac9e4-baf9-11ce-8c82-00aa004ba90b} of class {807583e5-5146-11d5-a672-00b0d022e945}, hr 0x80004002.
02b0:err:ole:StdMarshalImpl_MarshalInterface Failed to create ifstub, hr 0x80004002
02b0:err:ole:CoMarshalInterface Failed to marshal the interface {79eac9e4-baf9-11ce-8c82-00aa004ba90b}, hr 0x80004002
05e8:fixme:ole:NdrClearOutParameters (000000000317C130,00006FFFFDFFD042,000000000317C9B8): stub
05e8:fixme:ole:CoCreateInstanceEx no instance created for interface {79eac9e4-baf9-11ce-8c82-00aa004ba90b} of class {807583e5-5146-11d5-a672-00b0d022e945}, hr 0x80004002.
02b0:err:ole:StdMarshalImpl_MarshalInterface Failed to create ifstub, hr 0x80004002
02b0:err:ole:CoMarshalInterface Failed to marshal the interface {79eac9e4-baf9-11ce-8c82-00aa004ba90b}, hr 0x80004002
05e8:fixme:ole:NdrClearOutParameters (000000000317C130,00006FFFFDFFD042,000000000317C9B8): stub
05e8:fixme:ole:CoCreateInstanceEx no instance created for interface {79eac9e4-baf9-11ce-8c82-00aa004ba90b} of class {807583e5-5146-11d5-a672-00b0d022e945}, hr 0x80004002.
02b0:err:ole:StdMarshalImpl_MarshalInterface Failed to create ifstub, hr 0x80004002
02b0:err:ole:CoMarshalInterface Failed to marshal the interface {79eac9e4-baf9-11ce-8c82-00aa004ba90b}, hr 0x80004002
05e8:fixme:ole:NdrClearOutParameters (000000000317BAD0,00006FFFFDFFD042,000000000317C358): stub
05e8:fixme:ole:CoCreateInstanceEx no instance created for interface {79eac9e4-baf9-11ce-8c82-00aa004ba90b} of class {807583e5-5146-11d5-a672-00b0d022e945}, hr 0x80004002.
02b0:err:ole:StdMarshalImpl_MarshalInterface Failed to create ifstub, hr 0x80004002
02b0:err:ole:CoMarshalInterface Failed to marshal the interface {79eac9e4-baf9-11ce-8c82-00aa004ba90b}, hr 0x80004002
05e8:fixme:ole:NdrClearOutParameters (000000000317BB40,00006FFFFDFFD042,000000000317C3C8): stub
05e8:fixme:ole:CoCreateInstanceEx no instance created for interface {79eac9e4-baf9-11ce-8c82-00aa004ba90b} of class {807583e5-5146-11d5-a672-00b0d022e945}, hr 0x80004002.
02b0:err:ole:StdMarshalImpl_MarshalInterface Failed to create ifstub, hr 0x80004002
02b0:err:ole:CoMarshalInterface Failed to marshal the interface {79eac9e4-baf9-11ce-8c82-00aa004ba90b}, hr 0x80004002
05e8:fixme:ole:NdrClearOutParameters (000000000317BB40,00006FFFFDFFD042,000000000317C3C8): stub
05e8:fixme:ole:CoCreateInstanceEx no instance created for interface {79eac9e4-baf9-11ce-8c82-00aa004ba90b} of class {807583e5-5146-11d5-a672-00b0d022e945}, hr 0x80004002.
02b0:err:ole:StdMarshalImpl_MarshalInterface Failed to create ifstub, hr 0x80004002
02b0:err:ole:CoMarshalInterface Failed to marshal the interface {79eac9e4-baf9-11ce-8c82-00aa004ba90b}, hr 0x80004002
05e8:fixme:ole:NdrClearOutParameters (000000000317BB40,00006FFFFDFFD042,000000000317C3C8): stub
05e8:fixme:ole:CoCreateInstanceEx no instance created for interface {79eac9e4-baf9-11ce-8c82-00aa004ba90b} of class {807583e5-5146-11d5-a672-00b0d022e945}, hr 0x80004002.
02b0:err:ole:StdMarshalImpl_MarshalInterface Failed to create ifstub, hr 0x80004002
02b0:err:ole:CoMarshalInterface Failed to marshal the interface {79eac9e4-baf9-11ce-8c82-00aa004ba90b}, hr 0x80004002
05e8:fixme:ole:NdrClearOutParameters (000000000317BB40,00006FFFFDFFD042,000000000317C3C8): stub
05e8:fixme:ole:CoCreateInstanceEx no instance created for interface {79eac9e4-baf9-11ce-8c82-00aa004ba90b} of class {807583e5-5146-11d5-a672-00b0d022e945}, hr 0x80004002.
02b0:err:ole:StdMarshalImpl_MarshalInterface Failed to create ifstub, hr 0x80004002
02b0:err:ole:CoMarshalInterface Failed to marshal the interface {79eac9e4-baf9-11ce-8c82-00aa004ba90b}, hr 0x80004002
05e8:fixme:ole:NdrClearOutParameters (000000000317BB40,00006FFFFDFFD042,000000000317C3C8): stub
05e8:fixme:ole:CoCreateInstanceEx no instance created for interface {79eac9e4-baf9-11ce-8c82-00aa004ba90b} of class {807583e5-5146-11d5-a672-00b0d022e945}, hr 0x80004002.
02b0:err:ole:StdMarshalImpl_MarshalInterface Failed to create ifstub, hr 0x80004002
02b0:err:ole:CoMarshalInterface Failed to marshal the interface {79eac9e4-baf9-11ce-8c82-00aa004ba90b}, hr 0x80004002
05e8:fixme:ole:NdrClearOutParameters (000000000317BB40,00006FFFFDFFD042,000000000317C3C8): stub
05e8:fixme:ole:CoCreateInstanceEx no instance created for interface {79eac9e4-baf9-11ce-8c82-00aa004ba90b} of class {807583e5-5146-11d5-a672-00b0d022e945}, hr 0x80004002.
02b0:err:ole:StdMarshalImpl_MarshalInterface Failed to create ifstub, hr 0x80004002
02b0:err:ole:CoMarshalInterface Failed to marshal the interface {79eac9e4-baf9-11ce-8c82-00aa004ba90b}, hr 0x80004002
05e8:fixme:ole:NdrClearOutParameters (000000000317BB40,00006FFFFDFFD042,000000000317C3C8): stub
05e8:fixme:ole:CoCreateInstanceEx no instance created for interface {79eac9e4-baf9-11ce-8c82-00aa004ba90b} of class {807583e5-5146-11d5-a672-00b0d022e945}, hr 0x80004002.
02b0:err:ole:StdMarshalImpl_MarshalInterface Failed to create ifstub, hr 0x80004002
02b0:err:ole:CoMarshalInterface Failed to marshal the interface {79eac9e4-baf9-11ce-8c82-00aa004ba90b}, hr 0x80004002
05e8:fixme:ole:NdrClearOutParameters (000000000317BB40,00006FFFFDFFD042,000000000317C3C8): stub
05e8:fixme:ole:CoCreateInstanceEx no instance created for interface {79eac9e4-baf9-11ce-8c82-00aa004ba90b} of class {807583e5-5146-11d5-a672-00b0d022e945}, hr 0x80004002.
02b0:err:ole:StdMarshalImpl_MarshalInterface Failed to create ifstub, hr 0x80004002
02b0:err:ole:CoMarshalInterface Failed to marshal the interface {79eac9e4-baf9-11ce-8c82-00aa004ba90b}, hr 0x80004002
05e8:fixme:ole:NdrClearOutParameters (000000000317BB40,00006FFFFDFFD042,000000000317C3C8): stub
05e8:fixme:ole:CoCreateInstanceEx no instance created for interface {79eac9e4-baf9-11ce-8c82-00aa004ba90b} of class {807583e5-5146-11d5-a672-00b0d022e945}, hr 0x80004002.
02b0:err:ole:StdMarshalImpl_MarshalInterface Failed to create ifstub, hr 0x80004002
02b0:err:ole:CoMarshalInterface Failed to marshal the interface {79eac9e4-baf9-11ce-8c82-00aa004ba90b}, hr 0x80004002
05e8:fixme:ole:NdrClearOutParameters (000000000317BB40,00006FFFFDFFD042,000000000317C3C8): stub
05e8:fixme:ole:CoCreateInstanceEx no instance created for interface {79eac9e4-baf9-11ce-8c82-00aa004ba90b} of class {807583e5-5146-11d5-a672-00b0d022e945}, hr 0x80004002.
02b0:err:ole:StdMarshalImpl_MarshalInterface Failed to create ifstub, hr 0x80004002
02b0:err:ole:CoMarshalInterface Failed to marshal the interface {79eac9e4-baf9-11ce-8c82-00aa004ba90b}, hr 0x80004002
05e8:fixme:ole:NdrClearOutParameters (000000000317BAC0,00006FFFFDFFD042,000000000317C348): stub
05e8:fixme:ole:CoCreateInstanceEx no instance created for interface {79eac9e4-baf9-11ce-8c82-00aa004ba90b} of class {807583e5-5146-11d5-a672-00b0d022e945}, hr 0x80004002.
02b0:err:ole:StdMarshalImpl_MarshalInterface Failed to create ifstub, hr 0x80004002
02b0:err:ole:CoMarshalInterface Failed to marshal the interface {79eac9e4-baf9-11ce-8c82-00aa004ba90b}, hr 0x80004002
05e8:fixme:ole:NdrClearOutParameters (000000000317B7B0,00006FFFFDFFD042,000000000317C038): stub
05e8:fixme:ole:CoCreateInstanceEx no instance created for interface {79eac9e4-baf9-11ce-8c82-00aa004ba90b} of class {807583e5-5146-11d5-a672-00b0d022e945}, hr 0x80004002.
02b0:err:ole:StdMarshalImpl_MarshalInterface Failed to create ifstub, hr 0x80004002
02b0:err:ole:CoMarshalInterface Failed to marshal the interface {79eac9e4-baf9-11ce-8c82-00aa004ba90b}, hr 0x80004002
05e8:fixme:ole:NdrClearOutParameters (000000000317B7B0,00006FFFFDFFD042,000000000317C038): stub
05e8:fixme:ole:CoCreateInstanceEx no instance created for interface {79eac9e4-baf9-11ce-8c82-00aa004ba90b} of class {807583e5-5146-11d5-a672-00b0d022e945}, hr 0x80004002.
02b0:err:ole:StdMarshalImpl_MarshalInterface Failed to create ifstub, hr 0x80004002
02b0:err:ole:CoMarshalInterface Failed to marshal the interface {79eac9e4-baf9-11ce-8c82-00aa004ba90b}, hr 0x80004002
05e8:fixme:ole:NdrClearOutParameters (000000000317BB00,00006FFFFDFFD042,000000000317C388): stub
05e8:fixme:ole:CoCreateInstanceEx no instance created for interface {79eac9e4-baf9-11ce-8c82-00aa004ba90b} of class {807583e5-5146-11d5-a672-00b0d022e945}, hr 0x80004002.
02f4:fixme:wintypes:RoIsApiContractMajorVersionPresent name L"Windows.Foundation.UniversalApiContract", major 15, result 000000000011B280
02f4:fixme:wintypes:RoIsApiContractMajorVersionPresent name L"Windows.Foundation.UniversalApiContract", major 14, result 000000000011B280
02f4:fixme:wintypes:RoIsApiContractMajorVersionPresent name L"Windows.Foundation.UniversalApiContract", major 13, result 000000000011B280
02f4:fixme:wintypes:RoIsApiContractMajorVersionPresent name L"Windows.Foundation.UniversalApiContract", major 12, result 000000000011B280
02f4:fixme:wintypes:RoIsApiContractMajorVersionPresent name L"Windows.Foundation.UniversalApiContract", major 11, result 000000000011B280
02f4:fixme:wintypes:RoIsApiContractMajorVersionPresent name L"Windows.Foundation.UniversalApiContract", major 10, result 000000000011B280
02f4:fixme:wintypes:RoIsApiContractMajorVersionPresent name L"Windows.Foundation.UniversalApiContract", major 9, result 000000000011B280
02f4:fixme:wintypes:RoIsApiContractMajorVersionPresent name L"Windows.Foundation.UniversalApiContract", major 8, result 000000000011B280
02f4:fixme:wintypes:RoIsApiContractMajorVersionPresent name L"Windows.Foundation.UniversalApiContract", major 7, result 000000000011B280
0338:fixme:d3d11:d3d11_device_context_DiscardView1 iface 0000000001549EA0, view 0000000001372BB0, rects 0000000005F1FAF8, num_rects 1 stub!
0338:fixme:dxgi:d3d11_swapchain_Present1 Ignored present parameters 0000000005F1FBF8.
061c:fixme:rpc:RpcMgmtSetCancelTimeout (0): stub
061c:fixme:rpc:RpcBindingSetAuthInfoExW unsupported AuthzSvr 9
0618:fixme:heap:RtlSetHeapInformation HEAP_INFORMATION_CLASS 1 not implemented!
02b0:err:ole:StdMarshalImpl_MarshalInterface Failed to create ifstub, hr 0x80004002
02b0:err:ole:CoMarshalInterface Failed to marshal the interface {79eac9e4-baf9-11ce-8c82-00aa004ba90b}, hr 0x80004002
05e8:fixme:ole:NdrClearOutParameters (000000000317C040,00006FFFFDFFD042,000000000317C8C8): stub
05e8:fixme:ole:CoCreateInstanceEx no instance created for interface {79eac9e4-baf9-11ce-8c82-00aa004ba90b} of class {807583e5-5146-11d5-a672-00b0d022e945}, hr 0x80004002.
02b0:err:ole:StdMarshalImpl_MarshalInterface Failed to create ifstub, hr 0x80004002
02b0:err:ole:CoMarshalInterface Failed to marshal the interface {79eac9e4-baf9-11ce-8c82-00aa004ba90b}, hr 0x80004002
05e8:fixme:ole:NdrClearOutParameters (000000000317C040,00006FFFFDFFD042,000000000317C8C8): stub
05e8:fixme:ole:CoCreateInstanceEx no instance created for interface {79eac9e4-baf9-11ce-8c82-00aa004ba90b} of class {807583e5-5146-11d5-a672-00b0d022e945}, hr 0x80004002.
0618:fixme:ntdll:EtwEventSetInformation (deadbeef, 2, 000000014002B49D, 32) stub
02b0:err:ole:StdMarshalImpl_MarshalInterface Failed to create ifstub, hr 0x80004002
02b0:err:ole:CoMarshalInterface Failed to marshal the interface {79eac9e4-baf9-11ce-8c82-00aa004ba90b}, hr 0x80004002
05e8:fixme:ole:NdrClearOutParameters (000000000317C670,00006FFFFDFFD042,000000000317CEF8): stub
05e8:fixme:ole:CoCreateInstanceEx no instance created for interface {79eac9e4-baf9-11ce-8c82-00aa004ba90b} of class {807583e5-5146-11d5-a672-00b0d022e945}, hr 0x80004002.
02b0:err:ole:StdMarshalImpl_MarshalInterface Failed to create ifstub, hr 0x80004002
02b0:err:ole:CoMarshalInterface Failed to marshal the interface {79eac9e4-baf9-11ce-8c82-00aa004ba90b}, hr 0x80004002
05e8:fixme:ole:NdrClearOutParameters (000000000317C670,00006FFFFDFFD042,000000000317CEF8): stub
05e8:fixme:ole:CoCreateInstanceEx no instance created for interface {79eac9e4-baf9-11ce-8c82-00aa004ba90b} of class {807583e5-5146-11d5-a672-00b0d022e945}, hr 0x80004002.
02b0:err:ole:StdMarshalImpl_MarshalInterface Failed to create ifstub, hr 0x80004002
02b0:err:ole:CoMarshalInterface Failed to marshal the interface {79eac9e4-baf9-11ce-8c82-00aa004ba90b}, hr 0x80004002
05e8:fixme:ole:NdrClearOutParameters (000000000317C680,00006FFFFDFFD042,000000000317CF08): stub
05e8:fixme:ole:CoCreateInstanceEx no instance created for interface {79eac9e4-baf9-11ce-8c82-00aa004ba90b} of class {807583e5-5146-11d5-a672-00b0d022e945}, hr 0x80004002.
02b0:err:ole:StdMarshalImpl_MarshalInterface Failed to create ifstub, hr 0x80004002
02b0:err:ole:CoMarshalInterface Failed to marshal the interface {79eac9e4-baf9-11ce-8c82-00aa004ba90b}, hr 0x80004002
05e8:fixme:ole:NdrClearOutParameters (000000000317C680,00006FFFFDFFD042,000000000317CF08): stub
05e8:fixme:ole:CoCreateInstanceEx no instance created for interface {79eac9e4-baf9-11ce-8c82-00aa004ba90b} of class {807583e5-5146-11d5-a672-00b0d022e945}, hr 0x80004002.
0650:fixme:ntdll:EtwEventSetInformation (deadbeef, 0, 00000000, 0) stub
0650:fixme:ntdll:EtwEventSetInformation (deadbeef, 2, 007986E9, 56) stub
0650:fixme:sync:SetWaitableTimerEx (00000090, 00B1F828, 0, 00000000, 00000000, 00000000, 1320) semi-stub
0650:err:kerberos:kerberos_LsaApInitializePackage no Kerberos support, expect problems
02f4:fixme:wintypes:RoIsApiContractMajorVersionPresent name L"Windows.Foundation.UniversalApiContract", major 15, result 000000000011B280
02f4:fixme:wintypes:RoIsApiContractMajorVersionPresent name L"Windows.Foundation.UniversalApiContract", major 14, result 000000000011B280
02f4:fixme:wintypes:RoIsApiContractMajorVersionPresent name L"Windows.Foundation.UniversalApiContract", major 13, result 000000000011B280
02f4:fixme:wintypes:RoIsApiContractMajorVersionPresent name L"Windows.Foundation.UniversalApiContract", major 12, result 000000000011B280
02f4:fixme:wintypes:RoIsApiContractMajorVersionPresent name L"Windows.Foundation.UniversalApiContract", major 11, result 000000000011B280
02f4:fixme:wintypes:RoIsApiContractMajorVersionPresent name L"Windows.Foundation.UniversalApiContract", major 10, result 000000000011B280
02f4:fixme:wintypes:RoIsApiContractMajorVersionPresent name L"Windows.Foundation.UniversalApiContract", major 9, result 000000000011B280
02f4:fixme:wintypes:RoIsApiContractMajorVersionPresent name L"Windows.Foundation.UniversalApiContract", major 8, result 000000000011B280
